-------- PYTHON OUTPUT ----------
Device: cuda:0
Total number of parameters: 1371010
Training arguments: TrainingArguments(output_dir='/mnt/qb/work/ludwig/lqb122/temporal_sr/EDSR/output', overwrite_output_dir=False, learning_rate=0.0001, gamma=0.5, num_train_epochs=100, save_steps=500, save_total_limit=None, no_cuda=False, seed=123, fp16=False, per_device_train_batch_size=16, local_rank=-1, dataloader_num_workers=0, dataloader_pin_memory=True)
MSE: 227.5997, R²: -1.0135
Save model
MSE: 28.4256, R²: -0.3551
Save model
MSE: 13.8050, R²: -0.2368
Save model
MSE: 8.9894, R²: -0.1910
Save model
MSE: 7.6283, R²: -0.1341
Save model
MSE: 7.6643, R²: -0.0984
Save model
MSE: 6.2066, R²: 0.0719
Save model
MSE: 5.7470, R²: 0.1408
Save model
MSE: 5.0608, R²: 0.1828
Save model
MSE: 4.2314, R²: 0.3047
Save model
MSE: 3.5229, R²: 0.4079
Save model
MSE: 3.1079, R²: 0.4858
Save model
MSE: 2.8771, R²: 0.5108
Save model
MSE: 2.7875, R²: 0.4842
Save model
MSE: 2.8087, R²: 0.4687
Save model
MSE: 2.5472, R²: 0.5193
Save model
MSE: 2.3028, R²: 0.5669
Save model
MSE: 2.1572, R²: 0.5916
Save model
MSE: 2.0933, R²: 0.5989
Save model
MSE: 2.0581, R²: 0.6125
Save model
MSE: 1.9301, R²: 0.6353
Save model
MSE: 1.8805, R²: 0.6239
Save model
MSE: 1.9371, R²: 0.6196
Save model
MSE: 1.8471, R²: 0.6366
Save model
MSE: 1.7394, R²: 0.6582
Save model
MSE: 1.7462, R²: 0.6499
Save model
MSE: 1.7125, R²: 0.6532
Save model
MSE: 1.6124, R²: 0.6720
Save model
MSE: 1.5628, R²: 0.6899
Save model
MSE: 1.5645, R²: 0.6821
Save model
MSE: 1.6330, R²: 0.6614
Save model
MSE: 1.6781, R²: 0.6702
Save model
MSE: 1.6266, R²: 0.6765
Save model
MSE: 1.5195, R²: 0.7196
Save model
MSE: 1.5968, R²: 0.6941
Save model
MSE: 1.5502, R²: 0.6843
Save model
MSE: 1.4686, R²: 0.7049
Save model
MSE: 1.6274, R²: 0.6768
Save model
MSE: 1.4103, R²: 0.7265
Save model
MSE: 1.4311, R²: 0.7134
Save model
MSE: 1.4943, R²: 0.6921
Save model
MSE: 1.4328, R²: 0.7102
Save model
MSE: 1.4482, R²: 0.7110
Save model
MSE: 1.5349, R²: 0.7096
Save model
MSE: 1.3903, R²: 0.7156
Save model
MSE: 1.4096, R²: 0.7188
Save model
MSE: 1.4221, R²: 0.6999
Save model
MSE: 1.3624, R²: 0.7334
Save model
MSE: 1.3967, R²: 0.7204
Save model
MSE: 1.4334, R²: 0.7136
Save model
MSE: 1.4569, R²: 0.7125
Save model
MSE: 1.3683, R²: 0.7247
Save model
MSE: 1.4053, R²: 0.7142
Save model
MSE: 1.4085, R²: 0.7224
Save model
MSE: 1.3549, R²: 0.7311
Save model
MSE: 1.5320, R²: 0.6917
Save model
MSE: 1.4561, R²: 0.7129
Save model
MSE: 1.3954, R²: 0.7322
Save model
MSE: 1.4760, R²: 0.7166
Save model
MSE: 1.3747, R²: 0.7280
Save model
MSE: 1.3942, R²: 0.7232
Save model
MSE: 1.5191, R²: 0.7103
Save model
MSE: 1.4422, R²: 0.7149
Save model
MSE: 1.4839, R²: 0.7084
Save model
MSE: 1.4094, R²: 0.7034
Save model
MSE: 1.4472, R²: 0.7172
Save model
MSE: 1.4217, R²: 0.7238
Save model
MSE: 1.4300, R²: 0.7157
Save model
MSE: 1.3832, R²: 0.7252
Save model
MSE: 1.5085, R²: 0.7053
Save model
MSE: 1.4638, R²: 0.7293
Save model
MSE: 1.4916, R²: 0.7119
Save model
MSE: 1.4629, R²: 0.7167
Save model
MSE: 1.4919, R²: 0.7134
Save model
MSE: 1.5164, R²: 0.6982
Save model
MSE: 1.4469, R²: 0.7158
Save model
MSE: 1.5452, R²: 0.7076
Save model
MSE: 1.4424, R²: 0.7198
Save model
MSE: 1.4331, R²: 0.7196
Save model
MSE: 1.5752, R²: 0.6985
Save model
MSE: 1.4766, R²: 0.7149
Save model
MSE: 1.4767, R²: 0.7150
Save model
MSE: 1.4755, R²: 0.7155
Save model
MSE: 1.4745, R²: 0.7159
Save model
MSE: 1.4722, R²: 0.7164
Save model
MSE: 1.4703, R²: 0.7169
Save model
MSE: 1.4681, R²: 0.7174
Save model
MSE: 1.4661, R²: 0.7179
Save model
MSE: 1.4653, R²: 0.7181
Save model
MSE: 1.4673, R²: 0.7178
Save model
MSE: 1.4680, R²: 0.7179
Save model
MSE: 1.4691, R²: 0.7178
Save model
MSE: 1.4715, R²: 0.7170
Save model
MSE: 1.4713, R²: 0.7164
Save model
MSE: 1.4702, R²: 0.7169
Save model
MSE: 1.4715, R²: 0.7172
Save model
MSE: 1.4733, R²: 0.7165
Save model
MSE: 1.4745, R²: 0.7158
Save model
MSE: 1.4753, R²: 0.7155
Save model
MSE: 1.4734, R²: 0.7163
Final evaluation done. MSE: 1.4734, R²: 0.7163
Save model
Training time: 2453.4158506393433 seconds
---------------------------------
