-------- PYTHON OUTPUT ----------
Device: cuda:0
Total number of parameters: 1371010
Training arguments: TrainingArguments(output_dir='/mnt/qb/work/ludwig/lqb122/temporal_sr/EDSR/output', overwrite_output_dir=False, learning_rate=0.0001, gamma=0.5, num_train_epochs=150, save_steps=500, save_total_limit=None, no_cuda=False, seed=123, fp16=False, per_device_train_batch_size=32, local_rank=-1, dataloader_num_workers=0, dataloader_pin_memory=True)
MSE: 1466.5941, R²: -1.8236
Save model
MSE: 270.6051, R²: -1.4568
Save model
MSE: 95.9722, R²: -1.1623
Save model
MSE: 49.4173, R²: -0.9861
Save model
MSE: 32.6652, R²: -0.9199
Save model
MSE: 23.8594, R²: -0.8223
Save model
MSE: 20.8557, R²: -0.8259
Save model
MSE: 18.9137, R²: -0.7994
Save model
MSE: 16.1688, R²: -0.7955
Save model
MSE: 17.2132, R²: -0.8589
Save model
MSE: 18.6929, R²: -0.9216
Save model
MSE: 17.6519, R²: -0.8609
Save model
MSE: 16.7778, R²: -0.7395
Save model
MSE: 16.4427, R²: -0.6828
Save model
MSE: 14.4840, R²: -0.7219
Save model
MSE: 13.3355, R²: -0.6851
Save model
MSE: 14.6172, R²: -0.6139
Save model
MSE: 14.3415, R²: -0.6063
Save model
MSE: 13.6555, R²: -0.6455
Save model
MSE: 13.4042, R²: -0.6071
Save model
MSE: 13.7531, R²: -0.5936
Save model
MSE: 13.9946, R²: -0.5826
Save model
MSE: 13.9405, R²: -0.5659
Save model
MSE: 13.9288, R²: -0.5507
Save model
MSE: 13.8801, R²: -0.5343
Save model
MSE: 13.6834, R²: -0.5114
Save model
MSE: 13.6184, R²: -0.4862
Save model
MSE: 13.5480, R²: -0.4650
Save model
MSE: 13.4971, R²: -0.4489
Save model
MSE: 13.4034, R²: -0.4304
Save model
MSE: 13.3615, R²: -0.4132
Save model
MSE: 13.2877, R²: -0.3857
Save model
MSE: 13.1969, R²: -0.3660
Save model
MSE: 13.0544, R²: -0.3522
Save model
MSE: 13.0366, R²: -0.3386
Save model
MSE: 13.0633, R²: -0.3256
Save model
MSE: 12.9696, R²: -0.3134
Save model
MSE: 12.6818, R²: -0.3030
Save model
MSE: 12.4102, R²: -0.2925
Save model
MSE: 12.1403, R²: -0.2762
Save model
MSE: 12.0440, R²: -0.2741
Save model
MSE: 11.9686, R²: -0.2804
Save model
MSE: 11.9238, R²: -0.2830
Save model
MSE: 12.0287, R²: -0.2666
Save model
MSE: 12.0862, R²: -0.2596
Save model
MSE: 12.3147, R²: -0.2670
Save model
MSE: 12.2306, R²: -0.2653
Save model
MSE: 12.3668, R²: -0.2700
Save model
MSE: 12.5455, R²: -0.2790
Save model
MSE: 12.4533, R²: -0.2723
Save model
MSE: 13.0367, R²: -0.2940
Save model
MSE: 12.6054, R²: -0.2983
Save model
MSE: 12.8320, R²: -0.3026
Save model
MSE: 12.9910, R²: -0.2990
Save model
MSE: 12.2209, R²: -0.2739
Save model
MSE: 12.9465, R²: -0.2547
Save model
MSE: 12.0633, R²: -0.2810
Save model
MSE: 12.7998, R²: -0.3010
Save model
MSE: 12.7102, R²: -0.2971
Save model
MSE: 12.4895, R²: -0.3004
Save model
MSE: 12.6654, R²: -0.2979
Save model
MSE: 12.4159, R²: -0.2786
Save model
MSE: 12.6752, R²: -0.2399
Save model
MSE: 12.5025, R²: -0.2294
Save model
MSE: 12.3682, R²: -0.2455
Save model
MSE: 12.6636, R²: -0.2894
Save model
MSE: 12.8748, R²: -0.2719
Save model
MSE: 12.2199, R²: -0.2673
Save model
MSE: 12.1256, R²: -0.2496
Save model
MSE: 12.3438, R²: -0.2525
Save model
MSE: 12.6052, R²: -0.2408
Save model
MSE: 12.1888, R²: -0.2751
Save model
MSE: 12.8506, R²: -0.2486
Save model
MSE: 12.7749, R²: -0.2337
Save model
MSE: 12.4250, R²: -0.2393
Save model
MSE: 12.3447, R²: -0.2505
Save model
MSE: 12.6102, R²: -0.2530
Save model
MSE: 11.9904, R²: -0.2226
Save model
MSE: 12.6117, R²: -0.2652
Save model
MSE: 12.5391, R²: -0.1921
Save model
MSE: 12.9482, R²: -0.2447
Save model
MSE: 12.3461, R²: -0.2430
Save model
MSE: 12.1928, R²: -0.2247
Save model
MSE: 13.0943, R²: -0.1978
Save model
MSE: 13.4215, R²: -0.2421
Save model
MSE: 12.5289, R²: -0.1797
Save model
MSE: 12.1291, R²: -0.2187
Save model
MSE: 12.6111, R²: -0.1973
Save model
MSE: 12.3468, R²: -0.1999
Save model
MSE: 11.8556, R²: -0.1856
Save model
MSE: 12.9040, R²: -0.2202
Save model
MSE: 12.2395, R²: -0.2167
Save model
MSE: 12.1781, R²: -0.2093
Save model
MSE: 12.3298, R²: -0.2052
Save model
MSE: 12.4097, R²: -0.2470
Save model
MSE: 12.1571, R²: -0.2034
Save model
MSE: 11.7762, R²: -0.2330
Save model
MSE: 12.2046, R²: -0.2277
Save model
MSE: 12.2908, R²: -0.2231
Save model
MSE: 12.3320, R²: -0.2233
Save model
MSE: 11.9478, R²: -0.2527
Save model
MSE: 12.8025, R²: -0.2561
Save model
MSE: 12.3516, R²: -0.2248
Save model
MSE: 12.1819, R²: -0.2208
Save model
MSE: 12.3495, R²: -0.2273
Save model
MSE: 12.2594, R²: -0.2133
Save model
MSE: 12.2762, R²: -0.2543
Save model
MSE: 12.8022, R²: -0.2333
Save model
MSE: 12.1051, R²: -0.2334
Save model
MSE: 12.2984, R²: -0.2597
Save model
MSE: 12.0174, R²: -0.2238
Save model
MSE: 12.0762, R²: -0.2090
Save model
MSE: 12.1425, R²: -0.2319
Save model
MSE: 12.3968, R²: -0.2111
Save model
MSE: 12.3759, R²: -0.2334
Save model
MSE: 12.3769, R²: -0.2050
Save model
MSE: 12.1020, R²: -0.2126
Save model
MSE: 12.8249, R²: -0.2539
Save model
MSE: 12.6083, R²: -0.2614
Save model
MSE: 12.8142, R²: -0.2424
Save model
MSE: 12.3945, R²: -0.2398
Save model
MSE: 12.3962, R²: -0.2389
Save model
MSE: 12.3998, R²: -0.2389
Save model
MSE: 12.4028, R²: -0.2387
Save model
MSE: 12.4037, R²: -0.2387
Save model
MSE: 12.4018, R²: -0.2389
Save model
MSE: 12.4035, R²: -0.2391
Save model
MSE: 12.4004, R²: -0.2391
Save model
MSE: 12.4005, R²: -0.2388
Save model
MSE: 12.4013, R²: -0.2386
Save model
MSE: 12.3981, R²: -0.2383
Save model
MSE: 12.3982, R²: -0.2378
Save model
MSE: 12.3947, R²: -0.2377
Save model
MSE: 12.3940, R²: -0.2375
Save model
MSE: 12.3885, R²: -0.2379
Save model
MSE: 12.3836, R²: -0.2378
Save model
MSE: 12.3814, R²: -0.2375
Save model
MSE: 12.3732, R²: -0.2377
Save model
MSE: 12.3738, R²: -0.2372
Save model
MSE: 12.3680, R²: -0.2375
Save model
MSE: 12.3830, R²: -0.2371
Save model
MSE: 12.3663, R²: -0.2374
Save model
MSE: 12.3829, R²: -0.2373
Save model
MSE: 12.3796, R²: -0.2380
Save model
MSE: 12.3866, R²: -0.2382
Save model
MSE: 12.3845, R²: -0.2384
Save model
MSE: 12.3972, R²: -0.2384
Save model
MSE: 12.3990, R²: -0.2384
Save model
MSE: 12.3866, R²: -0.2382
Save model
MSE: 12.3840, R²: -0.2380
Final evaluation done. MSE: 12.3840, R²: -0.2380
Save model
Training time: 2893.3990643024445 seconds
---------------------------------
