-------- PYTHON OUTPUT ----------
Device: cuda:0
Train data range after scaling:
u10: min=-1.0000, max=1.0000
v10: min=-1.0000, max=1.0000
d2m: min=-1.0000, max=1.0000
t2m: min=-1.0000, max=1.0000
msl: min=-1.0000, max=1.0000
tp: min=-1.0000, max=1.0000
{'u10': {'min': np.float32(-15.279355), 'max': np.float32(24.534174)}, 'v10': {'min': np.float32(-16.699005), 'max': np.float32(21.35775)}, 'd2m': {'min': np.float32(245.78934), 'max': np.float32(296.0891)}, 't2m': {'min': np.float32(248.4476), 'max': np.float32(306.05835)}, 'msl': {'min': np.float32(96446.56), 'max': np.float32(104656.41)}, 'tp': {'min': np.float32(0.0), 'max': np.float32(0.01362586)}}
Total number of parameters: 1518722
Training arguments: TrainingArguments(output_dir='/mnt/qb/work/ludwig/lqb122/temporal_sr/EDSR/output', overwrite_output_dir=False, learning_rate=0.0001, gamma=0.5, num_train_epochs=100, save_steps=500, save_total_limit=None, no_cuda=False, seed=123, fp16=False, per_device_train_batch_size=16, local_rank=-1, dataloader_num_workers=0, dataloader_pin_memory=True)
Max of pred_features 0,0,:,: 0.9191218614578247
Min of pred_features 0,0,:,: -0.9773233532905579
Max of pred_features 0,1,:,: 1.3038707971572876
Min of pred_features 0,1,:,: -1.0412087440490723
MSE: 0.075042, R²: -0.535596, MAE: 0.205740
Save model
Max of pred_features 0,0,:,: 0.48396217823028564
Min of pred_features 0,0,:,: -0.6175291538238525
Max of pred_features 0,1,:,: 0.6436598896980286
Min of pred_features 0,1,:,: -0.6638520359992981
MSE: 0.028478, R²: -0.528013, MAE: 0.131541
Save model
Max of pred_features 0,0,:,: 0.4232575595378876
Min of pred_features 0,0,:,: -0.47772666811943054
Max of pred_features 0,1,:,: 0.42093420028686523
Min of pred_features 0,1,:,: -0.47439631819725037
MSE: 0.021036, R²: -0.337171, MAE: 0.113062
Save model
Max of pred_features 0,0,:,: 0.3614209294319153
Min of pred_features 0,0,:,: -0.39301761984825134
Max of pred_features 0,1,:,: 0.4075683355331421
Min of pred_features 0,1,:,: -0.4103791415691376
MSE: 0.015721, R²: -0.002667, MAE: 0.097063
Save model
Max of pred_features 0,0,:,: 0.3271879553794861
Min of pred_features 0,0,:,: -0.38951295614242554
Max of pred_features 0,1,:,: 0.37176191806793213
Min of pred_features 0,1,:,: -0.42407211661338806
MSE: 0.013216, R²: -0.019127, MAE: 0.088911
Save model
Max of pred_features 0,0,:,: 0.2833268344402313
Min of pred_features 0,0,:,: -0.3404431939125061
Max of pred_features 0,1,:,: 0.3038519024848938
Min of pred_features 0,1,:,: -0.3728524148464203
MSE: 0.010584, R²: 0.150300, MAE: 0.079502
Save model
Max of pred_features 0,0,:,: 0.2715819478034973
Min of pred_features 0,0,:,: -0.31299370527267456
Max of pred_features 0,1,:,: 0.29954150319099426
Min of pred_features 0,1,:,: -0.33038854598999023
MSE: 0.008368, R²: 0.306877, MAE: 0.070496
Save model
Max of pred_features 0,0,:,: 0.2756807506084442
Min of pred_features 0,0,:,: -0.30189478397369385
Max of pred_features 0,1,:,: 0.2984553873538971
Min of pred_features 0,1,:,: -0.2946934700012207
MSE: 0.006827, R²: 0.435872, MAE: 0.063563
Save model
Max of pred_features 0,0,:,: 0.27514296770095825
Min of pred_features 0,0,:,: -0.29039841890335083
Max of pred_features 0,1,:,: 0.29000189900398254
Min of pred_features 0,1,:,: -0.27784931659698486
MSE: 0.005728, R²: 0.543266, MAE: 0.058151
Save model
Max of pred_features 0,0,:,: 0.27217838168144226
Min of pred_features 0,0,:,: -0.281083345413208
Max of pred_features 0,1,:,: 0.28807610273361206
Min of pred_features 0,1,:,: -0.27051329612731934
MSE: 0.004692, R²: 0.634510, MAE: 0.052382
Save model
Max of pred_features 0,0,:,: 0.2585306167602539
Min of pred_features 0,0,:,: -0.269275426864624
Max of pred_features 0,1,:,: 0.28288236260414124
Min of pred_features 0,1,:,: -0.26871147751808167
MSE: 0.004422, R²: 0.652626, MAE: 0.051094
Save model
Max of pred_features 0,0,:,: 0.25241684913635254
Min of pred_features 0,0,:,: -0.2757449746131897
Max of pred_features 0,1,:,: 0.27837151288986206
Min of pred_features 0,1,:,: -0.268154501914978
MSE: 0.004246, R²: 0.660168, MAE: 0.050515
Save model
Max of pred_features 0,0,:,: 0.2545500695705414
Min of pred_features 0,0,:,: -0.2777596116065979
Max of pred_features 0,1,:,: 0.2744414508342743
Min of pred_features 0,1,:,: -0.2691757082939148
MSE: 0.003718, R²: 0.708597, MAE: 0.047276
Save model
Max of pred_features 0,0,:,: 0.24499723315238953
Min of pred_features 0,0,:,: -0.2703995108604431
Max of pred_features 0,1,:,: 0.2697969079017639
Min of pred_features 0,1,:,: -0.26438993215560913
MSE: 0.003513, R²: 0.730386, MAE: 0.046160
Save model
Max of pred_features 0,0,:,: 0.2523958086967468
Min of pred_features 0,0,:,: -0.2669053077697754
Max of pred_features 0,1,:,: 0.2634963393211365
Min of pred_features 0,1,:,: -0.2647843658924103
MSE: 0.003114, R²: 0.765561, MAE: 0.043350
Save model
Max of pred_features 0,0,:,: 0.2524930536746979
Min of pred_features 0,0,:,: -0.2594015896320343
Max of pred_features 0,1,:,: 0.2552250921726227
Min of pred_features 0,1,:,: -0.25975558161735535
MSE: 0.002956, R²: 0.777944, MAE: 0.042278
Save model
Max of pred_features 0,0,:,: 0.2538844347000122
Min of pred_features 0,0,:,: -0.25394296646118164
Max of pred_features 0,1,:,: 0.24990345537662506
Min of pred_features 0,1,:,: -0.25736260414123535
MSE: 0.002831, R²: 0.785957, MAE: 0.041364
Save model
Max of pred_features 0,0,:,: 0.2481941133737564
Min of pred_features 0,0,:,: -0.23619090020656586
Max of pred_features 0,1,:,: 0.24359840154647827
Min of pred_features 0,1,:,: -0.25034981966018677
MSE: 0.004084, R²: 0.683246, MAE: 0.051261
Save model
Max of pred_features 0,0,:,: 0.25256237387657166
Min of pred_features 0,0,:,: -0.24002563953399658
Max of pred_features 0,1,:,: 0.2348383516073227
Min of pred_features 0,1,:,: -0.2529653310775757
MSE: 0.003314, R²: 0.747626, MAE: 0.046063
Save model
Max of pred_features 0,0,:,: 0.2654169201850891
Min of pred_features 0,0,:,: -0.24811972677707672
Max of pred_features 0,1,:,: 0.23947621881961823
Min of pred_features 0,1,:,: -0.2612626254558563
MSE: 0.003487, R²: 0.740837, MAE: 0.047465
Save model
Max of pred_features 0,0,:,: 0.25809648633003235
Min of pred_features 0,0,:,: -0.2546563148498535
Max of pred_features 0,1,:,: 0.2463127225637436
Min of pred_features 0,1,:,: -0.2617354094982147
MSE: 0.002229, R²: 0.840006, MAE: 0.037034
Save model
Max of pred_features 0,0,:,: 0.25121045112609863
Min of pred_features 0,0,:,: -0.24066567420959473
Max of pred_features 0,1,:,: 0.2442171424627304
Min of pred_features 0,1,:,: -0.26350343227386475
MSE: 0.003409, R²: 0.735890, MAE: 0.047214
Save model
Max of pred_features 0,0,:,: 0.2615948021411896
Min of pred_features 0,0,:,: -0.2618945837020874
Max of pred_features 0,1,:,: 0.2605721354484558
Min of pred_features 0,1,:,: -0.2651979923248291
MSE: 0.001656, R²: 0.881032, MAE: 0.031205
Save model
Max of pred_features 0,0,:,: 0.2525195777416229
Min of pred_features 0,0,:,: -0.23621979355812073
Max of pred_features 0,1,:,: 0.2447432577610016
Min of pred_features 0,1,:,: -0.2570970952510834
MSE: 0.002980, R²: 0.775258, MAE: 0.044015
Save model
Max of pred_features 0,0,:,: 0.25920066237449646
Min of pred_features 0,0,:,: -0.24861010909080505
Max of pred_features 0,1,:,: 0.25297850370407104
Min of pred_features 0,1,:,: -0.254399836063385
MSE: 0.001766, R²: 0.876973, MAE: 0.032649
Save model
Max of pred_features 0,0,:,: 0.24993570148944855
Min of pred_features 0,0,:,: -0.2563178837299347
Max of pred_features 0,1,:,: 0.25655582547187805
Min of pred_features 0,1,:,: -0.2585338354110718
MSE: 0.001343, R²: 0.910224, MAE: 0.027948
Save model
Max of pred_features 0,0,:,: 0.25349247455596924
Min of pred_features 0,0,:,: -0.25450217723846436
Max of pred_features 0,1,:,: 0.2514800429344177
Min of pred_features 0,1,:,: -0.25425487756729126
MSE: 0.001284, R²: 0.914052, MAE: 0.027037
Save model
Max of pred_features 0,0,:,: 0.2642889618873596
Min of pred_features 0,0,:,: -0.27346569299697876
Max of pred_features 0,1,:,: 0.2740326523780823
Min of pred_features 0,1,:,: -0.2685689926147461
MSE: 0.001506, R²: 0.894380, MAE: 0.029643
Save model
Max of pred_features 0,0,:,: 0.2595951557159424
Min of pred_features 0,0,:,: -0.25704628229141235
Max of pred_features 0,1,:,: 0.2616913914680481
Min of pred_features 0,1,:,: -0.2632870674133301
MSE: 0.001140, R²: 0.923791, MAE: 0.025209
Save model
Max of pred_features 0,0,:,: 0.2562210261821747
Min of pred_features 0,0,:,: -0.24843652546405792
Max of pred_features 0,1,:,: 0.2577480673789978
Min of pred_features 0,1,:,: -0.25485917925834656
MSE: 0.001076, R²: 0.932870, MAE: 0.024370
Save model
Max of pred_features 0,0,:,: 0.2568642199039459
Min of pred_features 0,0,:,: -0.25296375155448914
Max of pred_features 0,1,:,: 0.2668520510196686
Min of pred_features 0,1,:,: -0.26889029145240784
MSE: 0.001439, R²: 0.892802, MAE: 0.028947
Save model
Max of pred_features 0,0,:,: 0.26339635252952576
Min of pred_features 0,0,:,: -0.25162336230278015
Max of pred_features 0,1,:,: 0.2620587944984436
Min of pred_features 0,1,:,: -0.2653201222419739
MSE: 0.000999, R²: 0.936911, MAE: 0.023551
Save model
Max of pred_features 0,0,:,: 0.2659958302974701
Min of pred_features 0,0,:,: -0.24717849493026733
Max of pred_features 0,1,:,: 0.2614344656467438
Min of pred_features 0,1,:,: -0.26842495799064636
MSE: 0.000918, R²: 0.939829, MAE: 0.022474
Save model
Max of pred_features 0,0,:,: 0.25433066487312317
Min of pred_features 0,0,:,: -0.24226106703281403
Max of pred_features 0,1,:,: 0.25561150908470154
Min of pred_features 0,1,:,: -0.26334691047668457
MSE: 0.000865, R²: 0.946120, MAE: 0.021912
Save model
Max of pred_features 0,0,:,: 0.2648042142391205
Min of pred_features 0,0,:,: -0.2703377306461334
Max of pred_features 0,1,:,: 0.26047635078430176
Min of pred_features 0,1,:,: -0.2726444900035858
MSE: 0.002339, R²: 0.842495, MAE: 0.036554
Save model
Max of pred_features 0,0,:,: 0.26782724261283875
Min of pred_features 0,0,:,: -0.2574976980686188
Max of pred_features 0,1,:,: 0.2791854441165924
Min of pred_features 0,1,:,: -0.2706507444381714
MSE: 0.001014, R²: 0.932955, MAE: 0.024109
Save model
Max of pred_features 0,0,:,: 0.25246578454971313
Min of pred_features 0,0,:,: -0.24396313726902008
Max of pred_features 0,1,:,: 0.25913622975349426
Min of pred_features 0,1,:,: -0.2606956958770752
MSE: 0.000785, R²: 0.951474, MAE: 0.020700
Save model
Max of pred_features 0,0,:,: 0.2552523910999298
Min of pred_features 0,0,:,: -0.2531355619430542
Max of pred_features 0,1,:,: 0.2642865478992462
Min of pred_features 0,1,:,: -0.26493796706199646
MSE: 0.001432, R²: 0.894301, MAE: 0.029110
Save model
Max of pred_features 0,0,:,: 0.24601802229881287
Min of pred_features 0,0,:,: -0.24067914485931396
Max of pred_features 0,1,:,: 0.2532629072666168
Min of pred_features 0,1,:,: -0.25900712609291077
MSE: 0.001166, R²: 0.928042, MAE: 0.025869
Save model
Max of pred_features 0,0,:,: 0.24162717163562775
Min of pred_features 0,0,:,: -0.2356720119714737
Max of pred_features 0,1,:,: 0.24767324328422546
Min of pred_features 0,1,:,: -0.2553134858608246
MSE: 0.000861, R²: 0.942079, MAE: 0.021972
Save model
Max of pred_features 0,0,:,: 0.2668663263320923
Min of pred_features 0,0,:,: -0.2489597052335739
Max of pred_features 0,1,:,: 0.26638272404670715
Min of pred_features 0,1,:,: -0.26065903902053833
MSE: 0.001030, R²: 0.927317, MAE: 0.024679
Save model
Max of pred_features 0,0,:,: 0.25969448685646057
Min of pred_features 0,0,:,: -0.23956874012947083
Max of pred_features 0,1,:,: 0.2609707713127136
Min of pred_features 0,1,:,: -0.2584293484687805
MSE: 0.000774, R²: 0.948154, MAE: 0.020834
Save model
Max of pred_features 0,0,:,: 0.2634683847427368
Min of pred_features 0,0,:,: -0.24464869499206543
Max of pred_features 0,1,:,: 0.26773762702941895
Min of pred_features 0,1,:,: -0.2720538377761841
MSE: 0.001098, R²: 0.927234, MAE: 0.024806
Save model
Max of pred_features 0,0,:,: 0.23848962783813477
Min of pred_features 0,0,:,: -0.23476070165634155
Max of pred_features 0,1,:,: 0.2519422769546509
Min of pred_features 0,1,:,: -0.2557945251464844
MSE: 0.000900, R²: 0.937685, MAE: 0.022789
Save model
Max of pred_features 0,0,:,: 0.26339125633239746
Min of pred_features 0,0,:,: -0.2433740645647049
Max of pred_features 0,1,:,: 0.2665095925331116
Min of pred_features 0,1,:,: -0.26738131046295166
MSE: 0.000944, R²: 0.938190, MAE: 0.023214
Save model
Max of pred_features 0,0,:,: 0.2517286241054535
Min of pred_features 0,0,:,: -0.24587032198905945
Max of pred_features 0,1,:,: 0.25649991631507874
Min of pred_features 0,1,:,: -0.26372000575065613
MSE: 0.000818, R²: 0.948097, MAE: 0.021402
Save model
Max of pred_features 0,0,:,: 0.24483929574489594
Min of pred_features 0,0,:,: -0.22602492570877075
Max of pred_features 0,1,:,: 0.2537457346916199
Min of pred_features 0,1,:,: -0.2577750086784363
MSE: 0.000827, R²: 0.949496, MAE: 0.021600
Save model
Max of pred_features 0,0,:,: 0.2526211440563202
Min of pred_features 0,0,:,: -0.2340036928653717
Max of pred_features 0,1,:,: 0.26204952597618103
Min of pred_features 0,1,:,: -0.2696264386177063
MSE: 0.000876, R²: 0.947726, MAE: 0.022455
Save model
Max of pred_features 0,0,:,: 0.24869093298912048
Min of pred_features 0,0,:,: -0.23751012980937958
Max of pred_features 0,1,:,: 0.26067638397216797
Min of pred_features 0,1,:,: -0.26664796471595764
MSE: 0.000784, R²: 0.952590, MAE: 0.020985
Save model
Max of pred_features 0,0,:,: 0.25376471877098083
Min of pred_features 0,0,:,: -0.23539139330387115
Max of pred_features 0,1,:,: 0.2525629699230194
Min of pred_features 0,1,:,: -0.26000073552131653
MSE: 0.000559, R²: 0.964914, MAE: 0.017413
Save model
Max of pred_features 0,0,:,: 0.2469864785671234
Min of pred_features 0,0,:,: -0.23357072472572327
Max of pred_features 0,1,:,: 0.25808241963386536
Min of pred_features 0,1,:,: -0.2589091658592224
MSE: 0.000525, R²: 0.967938, MAE: 0.016907
Save model
Max of pred_features 0,0,:,: 0.257143497467041
Min of pred_features 0,0,:,: -0.236535906791687
Max of pred_features 0,1,:,: 0.2665749490261078
Min of pred_features 0,1,:,: -0.27148687839508057
MSE: 0.000559, R²: 0.965232, MAE: 0.017581
Save model
Max of pred_features 0,0,:,: 0.2519761025905609
Min of pred_features 0,0,:,: -0.22658157348632812
Max of pred_features 0,1,:,: 0.24778538942337036
Min of pred_features 0,1,:,: -0.24934612214565277
MSE: 0.001155, R²: 0.917936, MAE: 0.026375
Save model
Max of pred_features 0,0,:,: 0.2523515522480011
Min of pred_features 0,0,:,: -0.23722267150878906
Max of pred_features 0,1,:,: 0.26073938608169556
Min of pred_features 0,1,:,: -0.26113125681877136
MSE: 0.000511, R²: 0.967992, MAE: 0.016710
Save model
Max of pred_features 0,0,:,: 0.25179845094680786
Min of pred_features 0,0,:,: -0.23702101409435272
Max of pred_features 0,1,:,: 0.2608777582645416
Min of pred_features 0,1,:,: -0.2646508514881134
MSE: 0.000485, R²: 0.969408, MAE: 0.016207
Save model
Max of pred_features 0,0,:,: 0.2630980610847473
Min of pred_features 0,0,:,: -0.23904751241207123
Max of pred_features 0,1,:,: 0.26335251331329346
Min of pred_features 0,1,:,: -0.2631235718727112
MSE: 0.000487, R²: 0.968485, MAE: 0.016322
Save model
Max of pred_features 0,0,:,: 0.24740353226661682
Min of pred_features 0,0,:,: -0.232942134141922
Max of pred_features 0,1,:,: 0.2562466263771057
Min of pred_features 0,1,:,: -0.25991207361221313
MSE: 0.000465, R²: 0.971203, MAE: 0.015853
Save model
Max of pred_features 0,0,:,: 0.24605774879455566
Min of pred_features 0,0,:,: -0.23380963504314423
Max of pred_features 0,1,:,: 0.2645794451236725
Min of pred_features 0,1,:,: -0.2629079818725586
MSE: 0.000456, R²: 0.971264, MAE: 0.015788
Save model
Max of pred_features 0,0,:,: 0.2417958378791809
Min of pred_features 0,0,:,: -0.2395237386226654
Max of pred_features 0,1,:,: 0.25705647468566895
Min of pred_features 0,1,:,: -0.25999224185943604
MSE: 0.000818, R²: 0.944660, MAE: 0.022420
Save model
Max of pred_features 0,0,:,: 0.25022822618484497
Min of pred_features 0,0,:,: -0.2368343472480774
Max of pred_features 0,1,:,: 0.25818678736686707
Min of pred_features 0,1,:,: -0.2580901086330414
MSE: 0.000663, R²: 0.956313, MAE: 0.020034
Save model
Max of pred_features 0,0,:,: 0.24161309003829956
Min of pred_features 0,0,:,: -0.23407897353172302
Max of pred_features 0,1,:,: 0.256435751914978
Min of pred_features 0,1,:,: -0.25663241744041443
MSE: 0.000418, R²: 0.974182, MAE: 0.015093
Save model
Max of pred_features 0,0,:,: 0.23719586431980133
Min of pred_features 0,0,:,: -0.23802796006202698
Max of pred_features 0,1,:,: 0.2573715150356293
Min of pred_features 0,1,:,: -0.26202428340911865
MSE: 0.000441, R²: 0.972983, MAE: 0.015326
Save model
Max of pred_features 0,0,:,: 0.23053321242332458
Min of pred_features 0,0,:,: -0.23503121733665466
Max of pred_features 0,1,:,: 0.2544289827346802
Min of pred_features 0,1,:,: -0.2538796663284302
MSE: 0.000755, R²: 0.948849, MAE: 0.021556
Save model
Max of pred_features 0,0,:,: 0.23260153830051422
Min of pred_features 0,0,:,: -0.22821733355522156
Max of pred_features 0,1,:,: 0.2441733330488205
Min of pred_features 0,1,:,: -0.2492138296365738
MSE: 0.000757, R²: 0.949771, MAE: 0.021828
Save model
Max of pred_features 0,0,:,: 0.22921262681484222
Min of pred_features 0,0,:,: -0.23061032593250275
Max of pred_features 0,1,:,: 0.2510770857334137
Min of pred_features 0,1,:,: -0.2591332495212555
MSE: 0.000736, R²: 0.952087, MAE: 0.021732
Save model
Max of pred_features 0,0,:,: 0.23415067791938782
Min of pred_features 0,0,:,: -0.23760467767715454
Max of pred_features 0,1,:,: 0.2572600543498993
Min of pred_features 0,1,:,: -0.25157350301742554
MSE: 0.000579, R²: 0.963957, MAE: 0.018891
Save model
Max of pred_features 0,0,:,: 0.22689227759838104
Min of pred_features 0,0,:,: -0.23560531437397003
Max of pred_features 0,1,:,: 0.2547343075275421
Min of pred_features 0,1,:,: -0.25529834628105164
MSE: 0.000542, R²: 0.965484, MAE: 0.018099
Save model
Max of pred_features 0,0,:,: 0.22530239820480347
Min of pred_features 0,0,:,: -0.23333708941936493
Max of pred_features 0,1,:,: 0.2466447353363037
Min of pred_features 0,1,:,: -0.25064101815223694
MSE: 0.000538, R²: 0.966048, MAE: 0.018045
Save model
Max of pred_features 0,0,:,: 0.22974765300750732
Min of pred_features 0,0,:,: -0.2314409464597702
Max of pred_features 0,1,:,: 0.25003576278686523
Min of pred_features 0,1,:,: -0.2546558678150177
MSE: 0.000567, R²: 0.963985, MAE: 0.018486
Save model
Max of pred_features 0,0,:,: 0.23180925846099854
Min of pred_features 0,0,:,: -0.22461658716201782
Max of pred_features 0,1,:,: 0.2491881400346756
Min of pred_features 0,1,:,: -0.2472229301929474
MSE: 0.000533, R²: 0.967087, MAE: 0.017702
Save model
Max of pred_features 0,0,:,: 0.22832684218883514
Min of pred_features 0,0,:,: -0.23244507610797882
Max of pred_features 0,1,:,: 0.24950388073921204
Min of pred_features 0,1,:,: -0.25105729699134827
MSE: 0.000464, R²: 0.972046, MAE: 0.016374
Save model
Max of pred_features 0,0,:,: 0.23057018220424652
Min of pred_features 0,0,:,: -0.23877117037773132
Max of pred_features 0,1,:,: 0.24932487308979034
Min of pred_features 0,1,:,: -0.2506459057331085
MSE: 0.000454, R²: 0.971828, MAE: 0.016222
Save model
Max of pred_features 0,0,:,: 0.24211789667606354
Min of pred_features 0,0,:,: -0.2580587565898895
Max of pred_features 0,1,:,: 0.260621577501297
Min of pred_features 0,1,:,: -0.2667762041091919
MSE: 0.000592, R²: 0.961314, MAE: 0.018267
Save model
Max of pred_features 0,0,:,: 0.2350919544696808
Min of pred_features 0,0,:,: -0.246974378824234
Max of pred_features 0,1,:,: 0.25055450201034546
Min of pred_features 0,1,:,: -0.2559283375740051
MSE: 0.000342, R²: 0.979165, MAE: 0.013567
Save model
Max of pred_features 0,0,:,: 0.23067860305309296
Min of pred_features 0,0,:,: -0.24091412127017975
Max of pred_features 0,1,:,: 0.2377326339483261
Min of pred_features 0,1,:,: -0.24751509726047516
MSE: 0.000394, R²: 0.976095, MAE: 0.014683
Save model
Max of pred_features 0,0,:,: 0.2348881959915161
Min of pred_features 0,0,:,: -0.24662522971630096
Max of pred_features 0,1,:,: 0.24135547876358032
Min of pred_features 0,1,:,: -0.25251537561416626
MSE: 0.000375, R²: 0.977223, MAE: 0.014266
Save model
Max of pred_features 0,0,:,: 0.23474110662937164
Min of pred_features 0,0,:,: -0.24828428030014038
Max of pred_features 0,1,:,: 0.24667660892009735
Min of pred_features 0,1,:,: -0.2547009289264679
MSE: 0.000366, R²: 0.977515, MAE: 0.014083
Save model
Max of pred_features 0,0,:,: 0.23612500727176666
Min of pred_features 0,0,:,: -0.2525063753128052
Max of pred_features 0,1,:,: 0.2513272166252136
Min of pred_features 0,1,:,: -0.2590106725692749
MSE: 0.000327, R²: 0.980494, MAE: 0.013271
Save model
Max of pred_features 0,0,:,: 0.23893292248249054
Min of pred_features 0,0,:,: -0.25364378094673157
Max of pred_features 0,1,:,: 0.2541137933731079
Min of pred_features 0,1,:,: -0.2675216794013977
MSE: 0.000316, R²: 0.981101, MAE: 0.012877
Save model
Max of pred_features 0,0,:,: 0.2360163778066635
Min of pred_features 0,0,:,: -0.24819666147232056
Max of pred_features 0,1,:,: 0.24527038633823395
Min of pred_features 0,1,:,: -0.257641077041626
MSE: 0.000394, R²: 0.975899, MAE: 0.015082
Save model
Max of pred_features 0,0,:,: 0.24095898866653442
Min of pred_features 0,0,:,: -0.25553038716316223
Max of pred_features 0,1,:,: 0.2535036504268646
Min of pred_features 0,1,:,: -0.26413100957870483
MSE: 0.000272, R²: 0.983644, MAE: 0.011799
Save model
Max of pred_features 0,0,:,: 0.2390531450510025
Min of pred_features 0,0,:,: -0.2543640434741974
Max of pred_features 0,1,:,: 0.2532584071159363
Min of pred_features 0,1,:,: -0.26266855001449585
MSE: 0.000268, R²: 0.983930, MAE: 0.011695
Save model
Max of pred_features 0,0,:,: 0.23874428868293762
Min of pred_features 0,0,:,: -0.25396251678466797
Max of pred_features 0,1,:,: 0.2532133162021637
Min of pred_features 0,1,:,: -0.26262348890304565
MSE: 0.000266, R²: 0.984058, MAE: 0.011648
Save model
Max of pred_features 0,0,:,: 0.23886743187904358
Min of pred_features 0,0,:,: -0.2540457546710968
Max of pred_features 0,1,:,: 0.2531149685382843
Min of pred_features 0,1,:,: -0.26268690824508667
MSE: 0.000265, R²: 0.984147, MAE: 0.011613
Save model
Max of pred_features 0,0,:,: 0.23882673680782318
Min of pred_features 0,0,:,: -0.25389811396598816
Max of pred_features 0,1,:,: 0.25288134813308716
Min of pred_features 0,1,:,: -0.2627783715724945
MSE: 0.000264, R²: 0.984198, MAE: 0.011591
Save model
Max of pred_features 0,0,:,: 0.23851893842220306
Min of pred_features 0,0,:,: -0.2535409927368164
Max of pred_features 0,1,:,: 0.252775639295578
Min of pred_features 0,1,:,: -0.2625015079975128
MSE: 0.000262, R²: 0.984246, MAE: 0.011566
Save model
Max of pred_features 0,0,:,: 0.2384474128484726
Min of pred_features 0,0,:,: -0.25316122174263
Max of pred_features 0,1,:,: 0.2525955140590668
Min of pred_features 0,1,:,: -0.26229825615882874
MSE: 0.000262, R²: 0.984272, MAE: 0.011551
Save model
Max of pred_features 0,0,:,: 0.23804908990859985
Min of pred_features 0,0,:,: -0.2527979612350464
Max of pred_features 0,1,:,: 0.2523590624332428
Min of pred_features 0,1,:,: -0.26204976439476013
MSE: 0.000261, R²: 0.984307, MAE: 0.011537
Save model
Max of pred_features 0,0,:,: 0.23790152370929718
Min of pred_features 0,0,:,: -0.25263097882270813
Max of pred_features 0,1,:,: 0.25212499499320984
Min of pred_features 0,1,:,: -0.261794775724411
MSE: 0.000260, R²: 0.984329, MAE: 0.011526
Save model
Max of pred_features 0,0,:,: 0.23769667744636536
Min of pred_features 0,0,:,: -0.25235316157341003
Max of pred_features 0,1,:,: 0.2519737482070923
Min of pred_features 0,1,:,: -0.2614707052707672
MSE: 0.000260, R²: 0.984362, MAE: 0.011513
Save model
Max of pred_features 0,0,:,: 0.2375570833683014
Min of pred_features 0,0,:,: -0.25219184160232544
Max of pred_features 0,1,:,: 0.2519962787628174
Min of pred_features 0,1,:,: -0.2612364590167999
MSE: 0.000259, R²: 0.984413, MAE: 0.011491
Save model
Max of pred_features 0,0,:,: 0.2375461906194687
Min of pred_features 0,0,:,: -0.251891553401947
Max of pred_features 0,1,:,: 0.251757949590683
Min of pred_features 0,1,:,: -0.2610052824020386
MSE: 0.000258, R²: 0.984459, MAE: 0.011472
Save model
Max of pred_features 0,0,:,: 0.2372681051492691
Min of pred_features 0,0,:,: -0.25165224075317383
Max of pred_features 0,1,:,: 0.2517380118370056
Min of pred_features 0,1,:,: -0.2607772648334503
MSE: 0.000258, R²: 0.984504, MAE: 0.011455
Save model
Max of pred_features 0,0,:,: 0.23761816322803497
Min of pred_features 0,0,:,: -0.25166547298431396
Max of pred_features 0,1,:,: 0.25158295035362244
Min of pred_features 0,1,:,: -0.26095613837242126
MSE: 0.000257, R²: 0.984538, MAE: 0.011441
Save model
Max of pred_features 0,0,:,: 0.2378467321395874
Min of pred_features 0,0,:,: -0.25162145495414734
Max of pred_features 0,1,:,: 0.25174349546432495
Min of pred_features 0,1,:,: -0.26082292199134827
MSE: 0.000257, R²: 0.984579, MAE: 0.011426
Save model
Max of pred_features 0,0,:,: 0.2377016544342041
Min of pred_features 0,0,:,: -0.25123053789138794
Max of pred_features 0,1,:,: 0.2517048418521881
Min of pred_features 0,1,:,: -0.2602989971637726
MSE: 0.000256, R²: 0.984613, MAE: 0.011410
Save model
Max of pred_features 0,0,:,: 0.23781339824199677
Min of pred_features 0,0,:,: -0.2510419487953186
Max of pred_features 0,1,:,: 0.2518564462661743
Min of pred_features 0,1,:,: -0.26020076870918274
MSE: 0.000255, R²: 0.984661, MAE: 0.011393
Save model
Max of pred_features 0,0,:,: 0.23787742853164673
Min of pred_features 0,0,:,: -0.2509717643260956
Max of pred_features 0,1,:,: 0.251552939414978
Min of pred_features 0,1,:,: -0.26005929708480835
MSE: 0.000255, R²: 0.984695, MAE: 0.011378
Save model
Max of pred_features 0,0,:,: 0.2381071150302887
Min of pred_features 0,0,:,: -0.2510135769844055
Max of pred_features 0,1,:,: 0.25181230902671814
Min of pred_features 0,1,:,: -0.2600838243961334
MSE: 0.000254, R²: 0.984729, MAE: 0.011362
Save model
Max of pred_features 0,0,:,: 0.23809242248535156
Min of pred_features 0,0,:,: -0.2507942318916321
Max of pred_features 0,1,:,: 0.25186869502067566
Min of pred_features 0,1,:,: -0.25984030961990356
MSE: 0.000254, R²: 0.984756, MAE: 0.011351
Final evaluation done. MSE: 0.000254, R²: 0.984756, MAE: 0.011351
Save model
Training time: 2410.5552320480347 seconds
Max of pred_features 0,0,:,: 0.23809242248535156
Min of pred_features 0,0,:,: -0.2507942318916321
Max of pred_features 0,1,:,: 0.25186869502067566
Min of pred_features 0,1,:,: -0.25984030961990356
MSE: 0.000254, R²: 0.984756, MAE: 0.011351
Save model
Inference time: 12.862862825393677 seconds.
---------------------------------
