-------- PYTHON OUTPUT ----------
Device: cuda:0
{'u10': {'min': np.float32(-15.279355), 'max': np.float32(24.534174)}, 'v10': {'min': np.float32(-16.699005), 'max': np.float32(21.35775)}, 'd2m': {'min': np.float32(245.78934), 'max': np.float32(296.0891)}, 't2m': {'min': np.float32(248.4476), 'max': np.float32(306.05835)}, 'msl': {'min': np.float32(96446.56), 'max': np.float32(104656.41)}, 'tp': {'min': np.float32(0.0), 'max': np.float32(0.01362586)}}
Total number of parameters: 1371010
Training arguments: TrainingArguments(output_dir='/mnt/qb/work/ludwig/lqb122/temporal_sr/EDSR/output', overwrite_output_dir=False, learning_rate=0.0001, gamma=0.5, num_train_epochs=100, save_steps=500, save_total_limit=None, no_cuda=False, seed=123, fp16=False, per_device_train_batch_size=32, local_rank=-1, dataloader_num_workers=0, dataloader_pin_memory=True)
MSE: 17.764853, R²: -2.182710
Save model
MSE: 2.593231, R²: -1.324183
Save model
MSE: 0.715694, R²: -0.658948
Save model
MSE: 0.298770, R²: -0.256460
Save model
MSE: 0.171946, R²: -0.079690
Save model
MSE: 0.125938, R²: -0.034038
Save model
MSE: 0.104184, R²: -0.034935
Save model
MSE: 0.092885, R²: -0.036509
Save model
MSE: 0.083683, R²: -0.033712
Save model
MSE: 0.074978, R²: -0.020209
Save model
MSE: 0.067920, R²: -0.012454
Save model
MSE: 0.061080, R²: 0.001423
Save model
MSE: 0.054097, R²: 0.017178
Save model
MSE: 0.048249, R²: 0.033260
Save model
MSE: 0.043201, R²: 0.046046
Save model
MSE: 0.037988, R²: 0.068078
Save model
MSE: 0.033489, R²: 0.083650
Save model
MSE: 0.029617, R²: 0.096963
Save model
MSE: 0.026196, R²: 0.118153
Save model
MSE: 0.022948, R²: 0.138215
Save model
MSE: 0.020524, R²: 0.158256
Save model
MSE: 0.018786, R²: 0.160772
Save model
MSE: 0.016983, R²: 0.178832
Save model
MSE: 0.015572, R²: 0.193015
Save model
MSE: 0.013359, R²: 0.232716
Save model
MSE: 0.012347, R²: 0.248127
Save model
MSE: 0.011011, R²: 0.279726
Save model
MSE: 0.010986, R²: 0.275967
Save model
MSE: 0.009638, R²: 0.314675
Save model
MSE: 0.008703, R²: 0.341406
Save model
MSE: 0.008009, R²: 0.370018
Save model
MSE: 0.007849, R²: 0.382327
Save model
MSE: 0.006971, R²: 0.415137
Save model
MSE: 0.006215, R²: 0.446773
Save model
MSE: 0.005589, R²: 0.475899
Save model
MSE: 0.005303, R²: 0.490450
Save model
MSE: 0.004815, R²: 0.521337
Save model
MSE: 0.004517, R²: 0.537641
Save model
MSE: 0.004514, R²: 0.537759
Save model
MSE: 0.003902, R²: 0.575613
Save model
MSE: 0.003587, R²: 0.604274
Save model
MSE: 0.003746, R²: 0.594825
Save model
MSE: 0.003078, R²: 0.645787
Save model
MSE: 0.003101, R²: 0.642210
Save model
MSE: 0.002769, R²: 0.670527
Save model
MSE: 0.002496, R²: 0.700143
Save model
MSE: 0.002211, R²: 0.719456
Save model
MSE: 0.002215, R²: 0.720176
Save model
MSE: 0.002258, R²: 0.708766
Save model
MSE: 0.001815, R²: 0.763303
Save model
MSE: 0.002131, R²: 0.709293
Save model
MSE: 0.001531, R²: 0.794731
Save model
MSE: 0.002320, R²: 0.683219
Save model
MSE: 0.001317, R²: 0.823151
Save model
MSE: 0.001463, R²: 0.805176
Save model
MSE: 0.001517, R²: 0.783736
Save model
MSE: 0.001152, R²: 0.841731
Save model
MSE: 0.001025, R²: 0.858800
Save model
MSE: 0.002184, R²: 0.686422
Save model
MSE: 0.000988, R²: 0.863531
Save model
MSE: 0.000879, R²: 0.878542
Save model
MSE: 0.000847, R²: 0.882616
Save model
MSE: 0.000885, R²: 0.873962
Save model
MSE: 0.000808, R²: 0.889806
Save model
MSE: 0.000767, R²: 0.890004
Save model
MSE: 0.000806, R²: 0.890995
Save model
MSE: 0.000661, R²: 0.906199
Save model
MSE: 0.001321, R²: 0.822276
Save model
MSE: 0.000721, R²: 0.898828
Save model
MSE: 0.000606, R²: 0.912301
Save model
MSE: 0.000730, R²: 0.899060
Save model
MSE: 0.000666, R²: 0.904791
Save model
MSE: 0.000503, R²: 0.926475
Save model
MSE: 0.000630, R²: 0.903976
Save model
MSE: 0.000765, R²: 0.894363
Save model
MSE: 0.000566, R²: 0.913027
Save model
MSE: 0.001375, R²: 0.805963
Save model
MSE: 0.000427, R²: 0.935935
Save model
MSE: 0.000522, R²: 0.931132
Save model
MSE: 0.000614, R²: 0.917103
Save model
MSE: 0.000275, R²: 0.959315
Save model
MSE: 0.000264, R²: 0.960982
Save model
MSE: 0.000258, R²: 0.962141
Save model
MSE: 0.000255, R²: 0.962670
Save model
MSE: 0.000255, R²: 0.962689
Save model
MSE: 0.000249, R²: 0.963613
Save model
MSE: 0.000246, R²: 0.964192
Save model
MSE: 0.000245, R²: 0.964358
Save model
MSE: 0.000244, R²: 0.964524
Save model
MSE: 0.000245, R²: 0.964647
Save model
MSE: 0.000244, R²: 0.964805
Save model
MSE: 0.000242, R²: 0.964878
Save model
MSE: 0.000241, R²: 0.964898
Save model
MSE: 0.000239, R²: 0.965182
Save model
MSE: 0.000240, R²: 0.965072
Save model
MSE: 0.000237, R²: 0.965385
Save model
MSE: 0.000236, R²: 0.965602
Save model
MSE: 0.000233, R²: 0.966042
Save model
MSE: 0.000229, R²: 0.966615
Save model
MSE: 0.000226, R²: 0.967121
Final evaluation done. MSE: 0.000226, R²: 0.967121
Save model
Training time: 2577.7728066444397 seconds
---------------------------------
