-------- PYTHON OUTPUT ----------
Device: cuda:0
Total number of parameters: 1371010
Training arguments: TrainingArguments(output_dir='/mnt/qb/work/ludwig/lqb122/temporal_sr/EDSR/output', overwrite_output_dir=False, learning_rate=0.0001, gamma=0.5, num_train_epochs=100, save_steps=500, save_total_limit=None, no_cuda=False, seed=123, fp16=False, per_device_train_batch_size=32, local_rank=-1, dataloader_num_workers=0, dataloader_pin_memory=True)
MSE: 1443.0764, R²: -1.4415
Save model
MSE: 197.7532, R²: -0.9670
Save model
MSE: 54.8051, R²: -0.5344
Save model
MSE: 25.9541, R²: -0.3123
Save model
MSE: 16.5940, R²: -0.2298
Save model
MSE: 12.3680, R²: -0.1988
Save model
MSE: 10.1803, R²: -0.1933
Save model
MSE: 9.0110, R²: -0.2009
Save model
MSE: 8.2885, R²: -0.2124
Save model
MSE: 7.7804, R²: -0.2216
Save model
MSE: 7.3292, R²: -0.2064
Save model
MSE: 6.9058, R²: -0.1648
Save model
MSE: 6.5069, R²: -0.1302
Save model
MSE: 6.1939, R²: -0.0909
Save model
MSE: 5.7796, R²: 0.0027
Save model
MSE: 5.3653, R²: 0.1256
Save model
MSE: 5.1095, R²: 0.2129
Save model
MSE: 4.6528, R²: 0.2309
Save model
MSE: 4.3056, R²: 0.2919
Save model
MSE: 4.0795, R²: 0.3301
Save model
MSE: 3.9451, R²: 0.3571
Save model
MSE: 3.8397, R²: 0.3723
Save model
MSE: 3.7458, R²: 0.3810
Save model
MSE: 3.6095, R²: 0.3938
Save model
MSE: 3.5312, R²: 0.4058
Save model
MSE: 3.4937, R²: 0.4094
Save model
MSE: 3.3891, R²: 0.4208
Save model
MSE: 3.2012, R²: 0.4455
Save model
MSE: 3.2543, R²: 0.4467
Save model
MSE: 2.8953, R²: 0.4656
Save model
MSE: 3.1955, R²: 0.4702
Save model
MSE: 2.9775, R²: 0.4843
Save model
MSE: 2.6936, R²: 0.4856
Save model
MSE: 2.8466, R²: 0.5137
Save model
MSE: 2.7566, R²: 0.5275
Save model
MSE: 2.5639, R²: 0.5359
Save model
MSE: 2.5538, R²: 0.5591
Save model
MSE: 2.3633, R²: 0.5720
Save model
MSE: 2.3726, R²: 0.5813
Save model
MSE: 2.3074, R²: 0.5701
Save model
MSE: 2.3565, R²: 0.5788
Save model
MSE: 2.3531, R²: 0.5481
Save model
MSE: 2.2663, R²: 0.5818
Save model
MSE: 2.2430, R²: 0.5965
Save model
MSE: 2.2837, R²: 0.5775
Save model
MSE: 2.3754, R²: 0.5682
Save model
MSE: 2.2375, R²: 0.5775
Save model
MSE: 2.3227, R²: 0.5660
Save model
MSE: 2.1763, R²: 0.6012
Save model
MSE: 2.3418, R²: 0.5592
Save model
MSE: 2.2069, R²: 0.5894
Save model
MSE: 2.1056, R²: 0.6081
Save model
MSE: 2.0825, R²: 0.6247
Save model
MSE: 2.1343, R²: 0.6055
Save model
MSE: 2.3439, R²: 0.5490
Save model
MSE: 2.1689, R²: 0.5969
Save model
MSE: 2.0575, R²: 0.6274
Save model
MSE: 1.9769, R²: 0.6572
Save model
MSE: 2.2052, R²: 0.6015
Save model
MSE: 2.1313, R²: 0.6062
Save model
MSE: 2.0794, R²: 0.6156
Save model
MSE: 2.0876, R²: 0.6170
Save model
MSE: 2.1189, R²: 0.6042
Save model
MSE: 1.9564, R²: 0.6458
Save model
MSE: 2.1805, R²: 0.5929
Save model
MSE: 1.9460, R²: 0.6354
Save model
MSE: 1.9483, R²: 0.6418
Save model
MSE: 1.9232, R²: 0.6500
Save model
MSE: 2.0532, R²: 0.6193
Save model
MSE: 1.9848, R²: 0.6440
Save model
MSE: 1.9258, R²: 0.6446
Save model
MSE: 2.0082, R²: 0.6373
Save model
MSE: 1.9833, R²: 0.6417
Save model
MSE: 2.0004, R²: 0.6475
Save model
MSE: 1.9521, R²: 0.6405
Save model
MSE: 1.8542, R²: 0.6698
Save model
MSE: 1.9415, R²: 0.6493
Save model
MSE: 1.8620, R²: 0.6668
Save model
MSE: 1.8175, R²: 0.6761
Save model
MSE: 1.8299, R²: 0.6757
Save model
MSE: 1.8980, R²: 0.6630
Save model
MSE: 1.8986, R²: 0.6637
Save model
MSE: 1.8978, R²: 0.6641
Save model
MSE: 1.8981, R²: 0.6640
Save model
MSE: 1.8968, R²: 0.6642
Save model
MSE: 1.8978, R²: 0.6638
Save model
MSE: 1.8983, R²: 0.6636
Save model
MSE: 1.8988, R²: 0.6633
Save model
MSE: 1.8998, R²: 0.6630
Save model
MSE: 1.9011, R²: 0.6626
Save model
MSE: 1.9015, R²: 0.6621
Save model
MSE: 1.9035, R²: 0.6615
Save model
MSE: 1.9041, R²: 0.6612
Save model
MSE: 1.9037, R²: 0.6607
Save model
MSE: 1.9034, R²: 0.6605
Save model
