-------- PYTHON OUTPUT ----------
Device: cuda:0
Train data range after scaling:
u10: min=0.0000, max=1.0000
v10: min=0.0000, max=1.0000
d2m: min=0.0000, max=1.0000
t2m: min=0.0000, max=1.0000
msl: min=0.0000, max=1.0000
tp: min=0.0000, max=1.0000
{'u10': {'min': np.float32(-15.279355), 'max': np.float32(24.534174)}, 'v10': {'min': np.float32(-16.699005), 'max': np.float32(21.35775)}, 'd2m': {'min': np.float32(245.78934), 'max': np.float32(296.0891)}, 't2m': {'min': np.float32(248.4476), 'max': np.float32(306.05835)}, 'msl': {'min': np.float32(96446.56), 'max': np.float32(104656.41)}, 'tp': {'min': np.float32(0.0), 'max': np.float32(0.01362586)}}
Total number of parameters: 1368706
Training arguments: TrainingArguments(output_dir='/mnt/qb/work/ludwig/lqb122/temporal_sr/EDSR/output', overwrite_output_dir=False, learning_rate=0.0001, gamma=0.5, num_train_epochs=100, save_steps=500, save_total_limit=None, no_cuda=False, seed=123, fp16=False, per_device_train_batch_size=16, local_rank=-1, dataloader_num_workers=0, dataloader_pin_memory=True)
Max of pred u10 1.991091251373291
Min of pred u10 -0.9600086212158203
Max of label u10 0.6102262139320374
Min of label u10 0.4310697317123413
MSE: 0.241430, R²: -0.293446, MAE: 0.369579
Save model
Max of pred u10 1.1721103191375732
Min of pred u10 -0.15295487642288208
Max of label u10 0.6102262139320374
Min of label u10 0.4310697317123413
MSE: 0.040989, R²: -0.078578, MAE: 0.154412
Save model
Max of pred u10 0.8742149472236633
Min of pred u10 0.1315620243549347
Max of label u10 0.6102262139320374
Min of label u10 0.4310697317123413
MSE: 0.015449, R²: 0.058934, MAE: 0.093708
Save model
Max of pred u10 0.723293125629425
Min of pred u10 0.2196343094110489
Max of label u10 0.6102262139320374
Min of label u10 0.4310697317123413
MSE: 0.008333, R²: 0.237959, MAE: 0.068349
Save model
Max of pred u10 0.6602717041969299
Min of pred u10 0.27432680130004883
Max of label u10 0.6102262139320374
Min of label u10 0.4310697317123413
MSE: 0.004992, R²: 0.417621, MAE: 0.052448
Save model
Max of pred u10 0.6643017530441284
Min of pred u10 0.2792893648147583
Max of label u10 0.6102262139320374
Min of label u10 0.4310697317123413
MSE: 0.003421, R²: 0.547810, MAE: 0.043489
Save model
Max of pred u10 0.6216811537742615
Min of pred u10 0.2918570041656494
Max of label u10 0.6102262139320374
Min of label u10 0.4310697317123413
MSE: 0.002303, R²: 0.679797, MAE: 0.035297
Save model
Max of pred u10 0.6162505745887756
Min of pred u10 0.3196921646595001
Max of label u10 0.6102262139320374
Min of label u10 0.4310697317123413
MSE: 0.001677, R²: 0.765732, MAE: 0.030084
Save model
Max of pred u10 0.6091511845588684
Min of pred u10 0.3415331244468689
Max of label u10 0.6102262139320374
Min of label u10 0.4310697317123413
MSE: 0.001269, R²: 0.822740, MAE: 0.026160
Save model
Max of pred u10 0.5998210906982422
Min of pred u10 0.3492928743362427
Max of label u10 0.6102262139320374
Min of label u10 0.4310697317123413
MSE: 0.000996, R²: 0.860112, MAE: 0.023184
Save model
Max of pred u10 0.591231107711792
Min of pred u10 0.3540957272052765
Max of label u10 0.6102262139320374
Min of label u10 0.4310697317123413
MSE: 0.000802, R²: 0.887070, MAE: 0.020866
Save model
Max of pred u10 0.5858114957809448
Min of pred u10 0.3559722900390625
Max of label u10 0.6102262139320374
Min of label u10 0.4310697317123413
MSE: 0.000658, R²: 0.904990, MAE: 0.018899
Save model
Max of pred u10 0.5873857140541077
Min of pred u10 0.36276572942733765
Max of label u10 0.6102262139320374
Min of label u10 0.4310697317123413
MSE: 0.000543, R²: 0.923178, MAE: 0.017191
Save model
Max of pred u10 0.5859295725822449
Min of pred u10 0.35945212841033936
Max of label u10 0.6102262139320374
Min of label u10 0.4310697317123413
MSE: 0.000463, R²: 0.932146, MAE: 0.015939
Save model
Max of pred u10 0.5836203694343567
Min of pred u10 0.35675346851348877
Max of label u10 0.6102262139320374
Min of label u10 0.4310697317123413
MSE: 0.000507, R²: 0.922857, MAE: 0.017491
Save model
Max of pred u10 0.5879456400871277
Min of pred u10 0.36498546600341797
Max of label u10 0.6102262139320374
Min of label u10 0.4310697317123413
MSE: 0.000366, R²: 0.948548, MAE: 0.014305
Save model
Max of pred u10 0.5826602578163147
Min of pred u10 0.35774266719818115
Max of label u10 0.6102262139320374
Min of label u10 0.4310697317123413
MSE: 0.000278, R²: 0.958597, MAE: 0.012223
Save model
Max of pred u10 0.5836581587791443
Min of pred u10 0.3657211661338806
Max of label u10 0.6102262139320374
Min of label u10 0.4310697317123413
MSE: 0.000276, R²: 0.957318, MAE: 0.012175
Save model
Max of pred u10 0.5808597803115845
Min of pred u10 0.3579255938529968
Max of label u10 0.6102262139320374
Min of label u10 0.4310697317123413
MSE: 0.000196, R²: 0.971140, MAE: 0.010139
Save model
Max of pred u10 0.5780079364776611
Min of pred u10 0.3570172190666199
Max of label u10 0.6102262139320374
Min of label u10 0.4310697317123413
MSE: 0.000171, R²: 0.974912, MAE: 0.009470
Save model
Max of pred u10 0.5760489702224731
Min of pred u10 0.3576048016548157
Max of label u10 0.6102262139320374
Min of label u10 0.4310697317123413
MSE: 0.000152, R²: 0.977935, MAE: 0.008957
Save model
Max of pred u10 0.5812157392501831
Min of pred u10 0.3599764108657837
Max of label u10 0.6102262139320374
Min of label u10 0.4310697317123413
MSE: 0.000158, R²: 0.976142, MAE: 0.009356
Save model
Max of pred u10 0.5717270374298096
Min of pred u10 0.3571356534957886
Max of label u10 0.6102262139320374
Min of label u10 0.4310697317123413
MSE: 0.000123, R²: 0.982133, MAE: 0.008099
Save model
Max of pred u10 0.5727092623710632
Min of pred u10 0.3588939309120178
Max of label u10 0.6102262139320374
Min of label u10 0.4310697317123413
MSE: 0.000112, R²: 0.983731, MAE: 0.007796
Save model
Max of pred u10 0.5718080401420593
Min of pred u10 0.36284947395324707
Max of label u10 0.6102262139320374
Min of label u10 0.4310697317123413
MSE: 0.000097, R²: 0.985577, MAE: 0.007120
Save model
Max of pred u10 0.5782012343406677
Min of pred u10 0.3697082996368408
Max of label u10 0.6102262139320374
Min of label u10 0.4310697317123413
MSE: 0.000108, R²: 0.984574, MAE: 0.007968
Save model
Max of pred u10 0.5715262293815613
Min of pred u10 0.3632734715938568
Max of label u10 0.6102262139320374
Min of label u10 0.4310697317123413
MSE: 0.000085, R²: 0.987258, MAE: 0.006847
Save model
Max of pred u10 0.5715143084526062
Min of pred u10 0.3607272505760193
Max of label u10 0.6102262139320374
Min of label u10 0.4310697317123413
MSE: 0.000066, R²: 0.990214, MAE: 0.005845
Save model
Max of pred u10 0.5745989084243774
Min of pred u10 0.36768412590026855
Max of label u10 0.6102262139320374
Min of label u10 0.4310697317123413
MSE: 0.000066, R²: 0.990484, MAE: 0.006017
Save model
Max of pred u10 0.5782601237297058
Min of pred u10 0.367705762386322
Max of label u10 0.6102262139320374
Min of label u10 0.4310697317123413
MSE: 0.000082, R²: 0.988260, MAE: 0.007115
Save model
Max of pred u10 0.5741128921508789
Min of pred u10 0.3626668155193329
Max of label u10 0.6102262139320374
Min of label u10 0.4310697317123413
MSE: 0.000045, R²: 0.993361, MAE: 0.004807
Save model
Max of pred u10 0.5750347375869751
Min of pred u10 0.3645884692668915
Max of label u10 0.6102262139320374
Min of label u10 0.4310697317123413
MSE: 0.000054, R²: 0.992222, MAE: 0.005389
Save model
Max of pred u10 0.571914553642273
Min of pred u10 0.3664405643939972
Max of label u10 0.6102262139320374
Min of label u10 0.4310697317123413
MSE: 0.000037, R²: 0.994583, MAE: 0.004338
Save model
Max of pred u10 0.5735767483711243
Min of pred u10 0.36460697650909424
Max of label u10 0.6102262139320374
Min of label u10 0.4310697317123413
MSE: 0.000034, R²: 0.995085, MAE: 0.004143
Save model
Max of pred u10 0.5713781714439392
Min of pred u10 0.3617579936981201
Max of label u10 0.6102262139320374
Min of label u10 0.4310697317123413
MSE: 0.000034, R²: 0.995129, MAE: 0.004179
Save model
Max of pred u10 0.571876585483551
Min of pred u10 0.36457377672195435
Max of label u10 0.6102262139320374
Min of label u10 0.4310697317123413
MSE: 0.000028, R²: 0.995889, MAE: 0.003768
Save model
Max of pred u10 0.5686858892440796
Min of pred u10 0.363159716129303
Max of label u10 0.6102262139320374
Min of label u10 0.4310697317123413
MSE: 0.000026, R²: 0.996319, MAE: 0.003579
Save model
Max of pred u10 0.5676879286766052
Min of pred u10 0.3582938313484192
Max of label u10 0.6102262139320374
Min of label u10 0.4310697317123413
MSE: 0.000028, R²: 0.995872, MAE: 0.003816
Save model
Max of pred u10 0.5723782777786255
Min of pred u10 0.362754225730896
Max of label u10 0.6102262139320374
Min of label u10 0.4310697317123413
MSE: 0.000024, R²: 0.996456, MAE: 0.003502
Save model
Max of pred u10 0.5719586610794067
Min of pred u10 0.3621199131011963
Max of label u10 0.6102262139320374
Min of label u10 0.4310697317123413
MSE: 0.000020, R²: 0.997039, MAE: 0.003195
Save model
Max of pred u10 0.5699913501739502
Min of pred u10 0.3599545657634735
Max of label u10 0.6102262139320374
Min of label u10 0.4310697317123413
MSE: 0.000020, R²: 0.996999, MAE: 0.003231
Save model
Max of pred u10 0.571627140045166
Min of pred u10 0.3597947955131531
Max of label u10 0.6102262139320374
Min of label u10 0.4310697317123413
MSE: 0.000022, R²: 0.996754, MAE: 0.003375
Save model
Max of pred u10 0.5701383948326111
Min of pred u10 0.360663503408432
Max of label u10 0.6102262139320374
Min of label u10 0.4310697317123413
MSE: 0.000017, R²: 0.997559, MAE: 0.002885
Save model
Max of pred u10 0.5707101225852966
Min of pred u10 0.3617134094238281
Max of label u10 0.6102262139320374
Min of label u10 0.4310697317123413
MSE: 0.000020, R²: 0.997163, MAE: 0.003291
Save model
Max of pred u10 0.5721975564956665
Min of pred u10 0.3617136776447296
Max of label u10 0.6102262139320374
Min of label u10 0.4310697317123413
MSE: 0.000015, R²: 0.997846, MAE: 0.002734
Save model
Max of pred u10 0.5704118013381958
Min of pred u10 0.3598862886428833
Max of label u10 0.6102262139320374
Min of label u10 0.4310697317123413
MSE: 0.000016, R²: 0.997661, MAE: 0.002876
Save model
Max of pred u10 0.5709519982337952
Min of pred u10 0.35898280143737793
Max of label u10 0.6102262139320374
Min of label u10 0.4310697317123413
MSE: 0.000014, R²: 0.997923, MAE: 0.002671
Save model
Max of pred u10 0.5694899559020996
Min of pred u10 0.3618205785751343
Max of label u10 0.6102262139320374
Min of label u10 0.4310697317123413
MSE: 0.000016, R²: 0.997569, MAE: 0.003014
Save model
Max of pred u10 0.569644033908844
Min of pred u10 0.35969290137290955
Max of label u10 0.6102262139320374
Min of label u10 0.4310697317123413
MSE: 0.000011, R²: 0.998436, MAE: 0.002341
Save model
Max of pred u10 0.5664733052253723
Min of pred u10 0.3586968183517456
Max of label u10 0.6102262139320374
Min of label u10 0.4310697317123413
MSE: 0.000013, R²: 0.998159, MAE: 0.002579
Save model
Max of pred u10 0.5728982090950012
Min of pred u10 0.35994771122932434
Max of label u10 0.6102262139320374
Min of label u10 0.4310697317123413
MSE: 0.000012, R²: 0.998277, MAE: 0.002574
Save model
Max of pred u10 0.5669086575508118
Min of pred u10 0.3587205111980438
Max of label u10 0.6102262139320374
Min of label u10 0.4310697317123413
MSE: 0.000011, R²: 0.998401, MAE: 0.002362
Save model
Max of pred u10 0.5716460943222046
Min of pred u10 0.3595326840877533
Max of label u10 0.6102262139320374
Min of label u10 0.4310697317123413
MSE: 0.000012, R²: 0.998357, MAE: 0.002514
Save model
Max of pred u10 0.5674765110015869
Min of pred u10 0.35791027545928955
Max of label u10 0.6102262139320374
Min of label u10 0.4310697317123413
MSE: 0.000008, R²: 0.998779, MAE: 0.002038
Save model
Max of pred u10 0.5678314566612244
Min of pred u10 0.3551751375198364
Max of label u10 0.6102262139320374
Min of label u10 0.4310697317123413
MSE: 0.000009, R²: 0.998725, MAE: 0.002115
Save model
Max of pred u10 0.568251371383667
Min of pred u10 0.3576243817806244
Max of label u10 0.6102262139320374
Min of label u10 0.4310697317123413
MSE: 0.000008, R²: 0.998857, MAE: 0.001974
Save model
Max of pred u10 0.5696128606796265
Min of pred u10 0.3569169044494629
Max of label u10 0.6102262139320374
Min of label u10 0.4310697317123413
MSE: 0.000008, R²: 0.998835, MAE: 0.002028
Save model
Max of pred u10 0.5685483813285828
Min of pred u10 0.35805460810661316
Max of label u10 0.6102262139320374
Min of label u10 0.4310697317123413
MSE: 0.000009, R²: 0.998662, MAE: 0.002211
Save model
Max of pred u10 0.5720579624176025
Min of pred u10 0.3574012517929077
Max of label u10 0.6102262139320374
Min of label u10 0.4310697317123413
MSE: 0.000008, R²: 0.998892, MAE: 0.001991
Save model
Max of pred u10 0.569852888584137
Min of pred u10 0.3570418357849121
Max of label u10 0.6102262139320374
Min of label u10 0.4310697317123413
MSE: 0.000009, R²: 0.998634, MAE: 0.002255
Save model
Max of pred u10 0.5683616399765015
Min of pred u10 0.3573821187019348
Max of label u10 0.6102262139320374
Min of label u10 0.4310697317123413
MSE: 0.000006, R²: 0.999062, MAE: 0.001800
Save model
Max of pred u10 0.5711735486984253
Min of pred u10 0.3567159175872803
Max of label u10 0.6102262139320374
Min of label u10 0.4310697317123413
MSE: 0.000007, R²: 0.999033, MAE: 0.001820
Save model
Max of pred u10 0.5686657428741455
Min of pred u10 0.3561636805534363
Max of label u10 0.6102262139320374
Min of label u10 0.4310697317123413
MSE: 0.000006, R²: 0.999051, MAE: 0.001835
Save model
Max of pred u10 0.568356990814209
Min of pred u10 0.3561375141143799
Max of label u10 0.6102262139320374
Min of label u10 0.4310697317123413
MSE: 0.000006, R²: 0.999178, MAE: 0.001682
Save model
Max of pred u10 0.5684632062911987
Min of pred u10 0.3569076657295227
Max of label u10 0.6102262139320374
Min of label u10 0.4310697317123413
MSE: 0.000006, R²: 0.999154, MAE: 0.001718
Save model
Max of pred u10 0.570167601108551
Min of pred u10 0.3558436334133148
Max of label u10 0.6102262139320374
Min of label u10 0.4310697317123413
MSE: 0.000006, R²: 0.999196, MAE: 0.001673
Save model
Max of pred u10 0.5682521462440491
Min of pred u10 0.35706037282943726
Max of label u10 0.6102262139320374
Min of label u10 0.4310697317123413
MSE: 0.000005, R²: 0.999238, MAE: 0.001633
Save model
Max of pred u10 0.5680170059204102
Min of pred u10 0.3558591902256012
Max of label u10 0.6102262139320374
Min of label u10 0.4310697317123413
MSE: 0.000007, R²: 0.999024, MAE: 0.001859
Save model
Max of pred u10 0.5690619349479675
Min of pred u10 0.35608723759651184
Max of label u10 0.6102262139320374
Min of label u10 0.4310697317123413
MSE: 0.000005, R²: 0.999225, MAE: 0.001636
Save model
Max of pred u10 0.5688629746437073
Min of pred u10 0.35775285959243774
Max of label u10 0.6102262139320374
Min of label u10 0.4310697317123413
MSE: 0.000006, R²: 0.999101, MAE: 0.001772
Save model
Max of pred u10 0.5689143538475037
Min of pred u10 0.3579123616218567
Max of label u10 0.6102262139320374
Min of label u10 0.4310697317123413
MSE: 0.000005, R²: 0.999246, MAE: 0.001623
Save model
Max of pred u10 0.5720136165618896
Min of pred u10 0.3564225435256958
Max of label u10 0.6102262139320374
Min of label u10 0.4310697317123413
MSE: 0.000006, R²: 0.999196, MAE: 0.001719
Save model
Max of pred u10 0.5720676183700562
Min of pred u10 0.35652026534080505
Max of label u10 0.6102262139320374
Min of label u10 0.4310697317123413
MSE: 0.000005, R²: 0.999304, MAE: 0.001556
Save model
Max of pred u10 0.5692462921142578
Min of pred u10 0.355807363986969
Max of label u10 0.6102262139320374
Min of label u10 0.4310697317123413
MSE: 0.000005, R²: 0.999284, MAE: 0.001568
Save model
Max of pred u10 0.5666149258613586
Min of pred u10 0.35556429624557495
Max of label u10 0.6102262139320374
Min of label u10 0.4310697317123413
MSE: 0.000005, R²: 0.999240, MAE: 0.001660
Save model
Max of pred u10 0.5691390037536621
Min of pred u10 0.357225239276886
Max of label u10 0.6102262139320374
Min of label u10 0.4310697317123413
MSE: 0.000005, R²: 0.999329, MAE: 0.001529
Save model
Max of pred u10 0.5708710551261902
Min of pred u10 0.35678744316101074
Max of label u10 0.6102262139320374
Min of label u10 0.4310697317123413
MSE: 0.000005, R²: 0.999323, MAE: 0.001533
Save model
Max of pred u10 0.5707236528396606
Min of pred u10 0.35685211420059204
Max of label u10 0.6102262139320374
Min of label u10 0.4310697317123413
MSE: 0.000004, R²: 0.999387, MAE: 0.001443
Save model
Max of pred u10 0.5721763372421265
Min of pred u10 0.3562709391117096
Max of label u10 0.6102262139320374
Min of label u10 0.4310697317123413
MSE: 0.000005, R²: 0.999292, MAE: 0.001582
Save model
Max of pred u10 0.5703210830688477
Min of pred u10 0.35645824670791626
Max of label u10 0.6102262139320374
Min of label u10 0.4310697317123413
MSE: 0.000005, R²: 0.999325, MAE: 0.001534
Save model
Max of pred u10 0.5707164406776428
Min of pred u10 0.3557852804660797
Max of label u10 0.6102262139320374
Min of label u10 0.4310697317123413
MSE: 0.000004, R²: 0.999467, MAE: 0.001334
Save model
Max of pred u10 0.5710420608520508
Min of pred u10 0.35587385296821594
Max of label u10 0.6102262139320374
Min of label u10 0.4310697317123413
MSE: 0.000004, R²: 0.999471, MAE: 0.001328
Save model
Max of pred u10 0.5713627934455872
Min of pred u10 0.35589444637298584
Max of label u10 0.6102262139320374
Min of label u10 0.4310697317123413
MSE: 0.000004, R²: 0.999474, MAE: 0.001324
Save model
Max of pred u10 0.5716803669929504
Min of pred u10 0.3559607267379761
Max of label u10 0.6102262139320374
Min of label u10 0.4310697317123413
MSE: 0.000004, R²: 0.999476, MAE: 0.001320
Save model
Max of pred u10 0.5718721747398376
Min of pred u10 0.3560206890106201
Max of label u10 0.6102262139320374
Min of label u10 0.4310697317123413
MSE: 0.000004, R²: 0.999479, MAE: 0.001317
Save model
Max of pred u10 0.5720650553703308
Min of pred u10 0.35608014464378357
Max of label u10 0.6102262139320374
Min of label u10 0.4310697317123413
MSE: 0.000004, R²: 0.999482, MAE: 0.001314
Save model
Max of pred u10 0.5721250772476196
Min of pred u10 0.356118381023407
Max of label u10 0.6102262139320374
Min of label u10 0.4310697317123413
MSE: 0.000004, R²: 0.999484, MAE: 0.001311
Save model
Max of pred u10 0.5721845030784607
Min of pred u10 0.35617998242378235
Max of label u10 0.6102262139320374
Min of label u10 0.4310697317123413
MSE: 0.000004, R²: 0.999487, MAE: 0.001307
Save model
Max of pred u10 0.5723663568496704
Min of pred u10 0.3563125729560852
Max of label u10 0.6102262139320374
Min of label u10 0.4310697317123413
MSE: 0.000004, R²: 0.999489, MAE: 0.001305
Save model
Max of pred u10 0.5723330974578857
Min of pred u10 0.35624808073043823
Max of label u10 0.6102262139320374
Min of label u10 0.4310697317123413
MSE: 0.000004, R²: 0.999489, MAE: 0.001303
Save model
Max of pred u10 0.5728954672813416
Min of pred u10 0.3564160168170929
Max of label u10 0.6102262139320374
Min of label u10 0.4310697317123413
MSE: 0.000003, R²: 0.999493, MAE: 0.001299
Save model
Max of pred u10 0.5723756551742554
Min of pred u10 0.35614895820617676
Max of label u10 0.6102262139320374
Min of label u10 0.4310697317123413
MSE: 0.000003, R²: 0.999494, MAE: 0.001297
Save model
Max of pred u10 0.5730806589126587
Min of pred u10 0.3564091920852661
Max of label u10 0.6102262139320374
Min of label u10 0.4310697317123413
MSE: 0.000003, R²: 0.999498, MAE: 0.001292
Save model
Max of pred u10 0.5726323127746582
Min of pred u10 0.3562872111797333
Max of label u10 0.6102262139320374
Min of label u10 0.4310697317123413
MSE: 0.000003, R²: 0.999500, MAE: 0.001288
Save model
Max of pred u10 0.5724861025810242
Min of pred u10 0.3561623692512512
Max of label u10 0.6102262139320374
Min of label u10 0.4310697317123413
MSE: 0.000003, R²: 0.999500, MAE: 0.001289
Save model
Max of pred u10 0.572893500328064
Min of pred u10 0.3562580943107605
Max of label u10 0.6102262139320374
Min of label u10 0.4310697317123413
MSE: 0.000003, R²: 0.999498, MAE: 0.001301
Save model
Max of pred u10 0.5729198455810547
Min of pred u10 0.3561919927597046
Max of label u10 0.6102262139320374
Min of label u10 0.4310697317123413
MSE: 0.000003, R²: 0.999506, MAE: 0.001280
Save model
Max of pred u10 0.5730712413787842
Min of pred u10 0.35633209347724915
Max of label u10 0.6102262139320374
Min of label u10 0.4310697317123413
MSE: 0.000003, R²: 0.999509, MAE: 0.001276
Save model
Max of pred u10 0.5731110572814941
Min of pred u10 0.3564659357070923
Max of label u10 0.6102262139320374
Min of label u10 0.4310697317123413
MSE: 0.000003, R²: 0.999510, MAE: 0.001274
Save model
Max of pred u10 0.572783350944519
Min of pred u10 0.35606902837753296
Max of label u10 0.6102262139320374
Min of label u10 0.4310697317123413
MSE: 0.000003, R²: 0.999508, MAE: 0.001279
Final evaluation done. MSE: 0.000003, R²: 0.999508, MAE: 0.001279
Save model
Training time: 1933.3625361919403 seconds
Max of pred u10 0.572783350944519
Min of pred u10 0.35606902837753296
Max of label u10 0.6102262139320374
Min of label u10 0.4310697317123413
MSE: 0.000003, R²: 0.999508, MAE: 0.001279
Save model
Inference time: 16.841986656188965 seconds.
---------------------------------
