-------- PYTHON OUTPUT ----------
Device: cuda:0
Total number of parameters: 1518722
Training arguments: TrainingArguments(output_dir='/mnt/qb/work/ludwig/lqb122/temporal_sr/EDSR/output', overwrite_output_dir=False, learning_rate=0.0001, gamma=0.5, num_train_epochs=150, save_steps=500, save_total_limit=None, no_cuda=False, seed=123, fp16=False, per_device_train_batch_size=32, local_rank=-1, dataloader_num_workers=0, dataloader_pin_memory=True)
MSE: 158.3189, R²: -1.2928
Save model
MSE: 34.1065, R²: -0.9701
Save model
MSE: 20.0121, R²: -1.0090
Save model
MSE: 17.4866, R²: -1.0593
Save model
MSE: 17.8851, R²: -1.0452
Save model
MSE: 20.3205, R²: -1.0492
Save model
MSE: 20.5586, R²: -1.0568
Save model
MSE: 22.0362, R²: -1.0864
Save model
MSE: 22.8068, R²: -1.1160
Save model
MSE: 21.5984, R²: -1.0800
Save model
MSE: 20.7079, R²: -1.0405
Save model
MSE: 20.0637, R²: -1.0000
Save model
MSE: 19.6289, R²: -0.9699
Save model
MSE: 19.2874, R²: -0.9495
Save model
MSE: 19.1532, R²: -0.9387
Save model
MSE: 18.9129, R²: -0.9261
Save model
MSE: 18.5775, R²: -0.9152
Save model
MSE: 18.2821, R²: -0.9097
Save model
MSE: 17.9401, R²: -0.8995
Save model
MSE: 17.7894, R²: -0.8951
Save model
MSE: 17.5409, R²: -0.8931
Save model
MSE: 17.3515, R²: -0.8912
Save model
MSE: 17.0885, R²: -0.8972
Save model
MSE: 17.0550, R²: -0.8903
Save model
MSE: 16.8170, R²: -0.8965
Save model
MSE: 16.6262, R²: -0.8927
Save model
MSE: 16.6200, R²: -0.8702
Save model
MSE: 16.7415, R²: -0.8661
Save model
MSE: 16.7219, R²: -0.8624
Save model
MSE: 16.7597, R²: -0.8533
Save model
MSE: 16.8799, R²: -0.8567
Save model
MSE: 16.8778, R²: -0.8462
Save model
MSE: 16.6113, R²: -0.8270
Save model
MSE: 16.3033, R²: -0.8051
Save model
MSE: 16.2910, R²: -0.7967
Save model
MSE: 16.3064, R²: -0.7881
Save model
MSE: 16.5846, R²: -0.7860
Save model
MSE: 14.6566, R²: -0.7151
Save model
MSE: 14.7303, R²: -0.7245
Save model
MSE: 14.4488, R²: -0.6922
Save model
MSE: 15.1036, R²: -0.7510
Save model
MSE: 14.0605, R²: -0.6597
Save model
MSE: 14.5057, R²: -0.6970
Save model
MSE: 14.7950, R²: -0.7043
Save model
MSE: 14.4644, R²: -0.6878
Save model
MSE: 15.3776, R²: -0.7238
Save model
MSE: 14.2803, R²: -0.6710
Save model
MSE: 14.6820, R²: -0.6873
Save model
MSE: 14.5731, R²: -0.6680
Save model
MSE: 14.1189, R²: -0.6625
Save model
MSE: 15.2438, R²: -0.6820
Save model
MSE: 14.9465, R²: -0.6719
Save model
MSE: 18.8375, R²: -0.7293
Save model
MSE: 14.7634, R²: -0.6697
Save model
MSE: 16.0533, R²: -0.6917
Save model
MSE: 14.6578, R²: -0.7077
Save model
MSE: 14.0298, R²: -0.6913
Save model
MSE: 14.4677, R²: -0.6752
Save model
MSE: 15.6130, R²: -0.7476
Save model
MSE: 14.2670, R²: -0.6557
Save model
MSE: 14.5420, R²: -0.6867
Save model
MSE: 14.4984, R²: -0.6664
Save model
MSE: 14.3705, R²: -0.6740
Save model
MSE: 14.2740, R²: -0.6726
Save model
MSE: 14.6066, R²: -0.6807
Save model
MSE: 13.5490, R²: -0.6103
Save model
MSE: 13.7514, R²: -0.6870
Save model
MSE: 15.1815, R²: -0.6720
Save model
MSE: 13.1450, R²: -0.6248
Save model
MSE: 13.5447, R²: -0.6345
Save model
MSE: 13.8948, R²: -0.6383
Save model
MSE: 14.0219, R²: -0.6463
Save model
MSE: 15.2550, R²: -0.6964
Save model
MSE: 13.7528, R²: -0.6886
Save model
MSE: 14.6604, R²: -0.6447
Save model
MSE: 14.8313, R²: -0.6649
Save model
MSE: 14.2924, R²: -0.6767
Save model
MSE: 15.1152, R²: -0.6636
Save model
MSE: 13.5519, R²: -0.6279
Save model
MSE: 14.2117, R²: -0.6386
Save model
MSE: 13.7978, R²: -0.6250
Save model
MSE: 14.1455, R²: -0.6418
Save model
MSE: 14.2956, R²: -0.6499
Save model
MSE: 14.4658, R²: -0.6630
Save model
MSE: 14.4594, R²: -0.6633
Save model
MSE: 14.4840, R²: -0.6752
Save model
MSE: 14.4917, R²: -0.6812
Save model
MSE: 14.8606, R²: -0.7182
Save model
MSE: 15.2797, R²: -0.7339
Save model
MSE: 14.4313, R²: -0.6832
Save model
MSE: 13.8527, R²: -0.6448
Save model
MSE: 13.5575, R²: -0.6598
Save model
MSE: 13.4217, R²: -0.6986
Save model
MSE: 13.4920, R²: -0.6575
Save model
MSE: 13.7726, R²: -0.6774
Save model
MSE: 14.3658, R²: -0.6924
Save model
MSE: 14.6426, R²: -0.7166
Save model
MSE: 14.6171, R²: -0.6969
Save model
MSE: 14.4717, R²: -0.6883
Save model
MSE: 14.3210, R²: -0.6801
Save model
MSE: 14.4848, R²: -0.6758
Save model
MSE: 14.2994, R²: -0.6746
Save model
MSE: 14.1326, R²: -0.6382
Save model
MSE: 13.3322, R²: -0.6281
Save model
MSE: 12.8265, R²: -0.6232
Save model
MSE: 13.2170, R²: -0.6515
Save model
MSE: 13.7950, R²: -0.6756
Save model
MSE: 13.7918, R²: -0.6796
Save model
MSE: 13.9336, R²: -0.6815
Save model
MSE: 13.9345, R²: -0.6772
Save model
MSE: 14.1579, R²: -0.6879
Save model
MSE: 14.2179, R²: -0.6897
Save model
MSE: 13.7062, R²: -0.6547
Save model
MSE: 13.4475, R²: -0.6802
Save model
MSE: 13.6148, R²: -0.6673
Save model
MSE: 13.7192, R²: -0.6595
Save model
MSE: 13.0423, R²: -0.6586
Save model
MSE: 12.9388, R²: -0.6464
Save model
MSE: 13.0364, R²: -0.6630
Save model
MSE: 13.0722, R²: -0.6800
Save model
MSE: 13.3299, R²: -0.7270
Save model
MSE: 13.3529, R²: -0.7204
Save model
MSE: 13.3658, R²: -0.7177
Save model
MSE: 13.3846, R²: -0.7157
Save model
MSE: 13.4068, R²: -0.7149
Save model
MSE: 13.4303, R²: -0.7146
Save model
MSE: 13.4574, R²: -0.7147
Save model
MSE: 13.4847, R²: -0.7151
Save model
MSE: 13.5109, R²: -0.7155
Save model
MSE: 13.5340, R²: -0.7158
Save model
MSE: 13.5546, R²: -0.7163
Save model
MSE: 13.5697, R²: -0.7168
Save model
MSE: 13.5888, R²: -0.7171
Save model
MSE: 13.6068, R²: -0.7175
Save model
MSE: 13.6244, R²: -0.7179
Save model
MSE: 13.6425, R²: -0.7182
Save model
MSE: 13.6534, R²: -0.7184
Save model
MSE: 13.6689, R²: -0.7189
Save model
MSE: 13.6791, R²: -0.7189
Save model
MSE: 13.6891, R²: -0.7191
Save model
MSE: 13.7036, R²: -0.7191
Save model
MSE: 13.7151, R²: -0.7193
Save model
MSE: 13.7256, R²: -0.7195
Save model
MSE: 13.7332, R²: -0.7197
Save model
MSE: 13.7453, R²: -0.7200
Save model
MSE: 13.7584, R²: -0.7204
Save model
MSE: 13.7706, R²: -0.7210
Save model
MSE: 13.7847, R²: -0.7213
Save model
MSE: 13.8002, R²: -0.7218
Save model
MSE: 13.8154, R²: -0.7224
Final evaluation done. MSE: 13.8154, R²: -0.7224
Save model
Training time: 3299.4278931617737 seconds
---------------------------------
