-------- PYTHON OUTPUT ----------
Device: cuda:0
Train data range after scaling:
u10: min=0.0000, max=1.0000
v10: min=0.0000, max=1.0000
d2m: min=0.0000, max=1.0000
t2m: min=0.0000, max=1.0000
msl: min=0.0000, max=1.0000
tp: min=0.0000, max=1.0000
{'u10': {'min': np.float32(-15.279355), 'max': np.float32(24.534174)}, 'v10': {'min': np.float32(-16.699005), 'max': np.float32(21.35775)}, 'd2m': {'min': np.float32(245.78934), 'max': np.float32(296.0891)}, 't2m': {'min': np.float32(248.4476), 'max': np.float32(306.05835)}, 'msl': {'min': np.float32(96446.56), 'max': np.float32(104656.41)}, 'tp': {'min': np.float32(0.0), 'max': np.float32(0.01362586)}}
Total number of parameters: 1516418
Training arguments: TrainingArguments(output_dir='/mnt/qb/work/ludwig/lqb122/temporal_sr/EDSR/output', overwrite_output_dir=False, learning_rate=0.0001, gamma=0.5, num_train_epochs=100, save_steps=500, save_total_limit=None, no_cuda=False, seed=123, fp16=False, per_device_train_batch_size=16, local_rank=-1, dataloader_num_workers=0, dataloader_pin_memory=True)
Max of pred u10 1.0170807838439941
Min of pred u10 -0.030078977346420288
Max of label u10 0.6102262139320374
Min of label u10 0.4310697317123413
MSE: 0.041874, R²: -0.239540, MAE: 0.158804
Save model
Max of pred u10 0.6468744277954102
Min of pred u10 0.20595696568489075
Max of label u10 0.6102262139320374
Min of label u10 0.4310697317123413
MSE: 0.014966, R²: -0.880133, MAE: 0.094824
Save model
Max of pred u10 0.6496568918228149
Min of pred u10 0.2290894240140915
Max of label u10 0.6102262139320374
Min of label u10 0.4310697317123413
MSE: 0.012372, R²: -1.275262, MAE: 0.085126
Save model
Max of pred u10 0.6253787875175476
Min of pred u10 0.22147713601589203
Max of label u10 0.6102262139320374
Min of label u10 0.4310697317123413
MSE: 0.012140, R²: -1.348441, MAE: 0.083397
Save model
Max of pred u10 0.6159684062004089
Min of pred u10 0.21852156519889832
Max of label u10 0.6102262139320374
Min of label u10 0.4310697317123413
MSE: 0.012239, R²: -1.354937, MAE: 0.083063
Save model
Max of pred u10 0.616990327835083
Min of pred u10 0.23180994391441345
Max of label u10 0.6102262139320374
Min of label u10 0.4310697317123413
MSE: 0.012312, R²: -1.332169, MAE: 0.082704
Save model
Max of pred u10 0.621486485004425
Min of pred u10 0.2290920466184616
Max of label u10 0.6102262139320374
Min of label u10 0.4310697317123413
MSE: 0.012435, R²: -1.297160, MAE: 0.082613
Save model
Max of pred u10 0.6232852339744568
Min of pred u10 0.23546317219734192
Max of label u10 0.6102262139320374
Min of label u10 0.4310697317123413
MSE: 0.012398, R²: -1.295581, MAE: 0.082149
Save model
Max of pred u10 0.6153345108032227
Min of pred u10 0.24336685240268707
Max of label u10 0.6102262139320374
Min of label u10 0.4310697317123413
MSE: 0.012525, R²: -1.263839, MAE: 0.082103
Save model
Max of pred u10 0.6067737340927124
Min of pred u10 0.2558727264404297
Max of label u10 0.6102262139320374
Min of label u10 0.4310697317123413
MSE: 0.012485, R²: -1.242101, MAE: 0.081623
Save model
Max of pred u10 0.5969948768615723
Min of pred u10 0.2619926333427429
Max of label u10 0.6102262139320374
Min of label u10 0.4310697317123413
MSE: 0.012429, R²: -1.245821, MAE: 0.081244
Save model
Max of pred u10 0.5934295058250427
Min of pred u10 0.2656206488609314
Max of label u10 0.6102262139320374
Min of label u10 0.4310697317123413
MSE: 0.012398, R²: -1.256674, MAE: 0.080950
Save model
Max of pred u10 0.5941743850708008
Min of pred u10 0.2644885182380676
Max of label u10 0.6102262139320374
Min of label u10 0.4310697317123413
MSE: 0.012479, R²: -1.230026, MAE: 0.081037
Save model
Max of pred u10 0.5963725447654724
Min of pred u10 0.2642480432987213
Max of label u10 0.6102262139320374
Min of label u10 0.4310697317123413
MSE: 0.012431, R²: -1.210307, MAE: 0.080705
Save model
Max of pred u10 0.5964477062225342
Min of pred u10 0.26135730743408203
Max of label u10 0.6102262139320374
Min of label u10 0.4310697317123413
MSE: 0.012329, R²: -1.207836, MAE: 0.080158
Save model
Max of pred u10 0.5976352691650391
Min of pred u10 0.2595544159412384
Max of label u10 0.6102262139320374
Min of label u10 0.4310697317123413
MSE: 0.012212, R²: -1.217858, MAE: 0.079582
Save model
Max of pred u10 0.5988020896911621
Min of pred u10 0.2576969265937805
Max of label u10 0.6102262139320374
Min of label u10 0.4310697317123413
MSE: 0.012185, R²: -1.211574, MAE: 0.079371
Save model
Max of pred u10 0.5987760424613953
Min of pred u10 0.2567242383956909
Max of label u10 0.6102262139320374
Min of label u10 0.4310697317123413
MSE: 0.012225, R²: -1.193589, MAE: 0.079447
Save model
Max of pred u10 0.5965321063995361
Min of pred u10 0.2566521167755127
Max of label u10 0.6102262139320374
Min of label u10 0.4310697317123413
MSE: 0.012352, R²: -1.169395, MAE: 0.079818
Save model
Max of pred u10 0.5934000015258789
Min of pred u10 0.2592726945877075
Max of label u10 0.6102262139320374
Min of label u10 0.4310697317123413
MSE: 0.012417, R²: -1.166394, MAE: 0.079962
Save model
Max of pred u10 0.5925687551498413
Min of pred u10 0.2613481879234314
Max of label u10 0.6102262139320374
Min of label u10 0.4310697317123413
MSE: 0.012477, R²: -1.160548, MAE: 0.080088
Save model
Max of pred u10 0.5904316902160645
Min of pred u10 0.2651870846748352
Max of label u10 0.6102262139320374
Min of label u10 0.4310697317123413
MSE: 0.012589, R²: -1.153839, MAE: 0.080384
Save model
Max of pred u10 0.5908472537994385
Min of pred u10 0.260977566242218
Max of label u10 0.6102262139320374
Min of label u10 0.4310697317123413
MSE: 0.012840, R²: -1.110710, MAE: 0.081253
Save model
Max of pred u10 0.5877000093460083
Min of pred u10 0.2671416997909546
Max of label u10 0.6102262139320374
Min of label u10 0.4310697317123413
MSE: 0.012785, R²: -1.115460, MAE: 0.081092
Save model
Max of pred u10 0.5883816480636597
Min of pred u10 0.26539158821105957
Max of label u10 0.6102262139320374
Min of label u10 0.4310697317123413
MSE: 0.012832, R²: -1.125534, MAE: 0.081172
Save model
Max of pred u10 0.5870361328125
Min of pred u10 0.265458881855011
Max of label u10 0.6102262139320374
Min of label u10 0.4310697317123413
MSE: 0.012752, R²: -1.145086, MAE: 0.080902
Save model
Max of pred u10 0.5764524936676025
Min of pred u10 0.2762031555175781
Max of label u10 0.6102262139320374
Min of label u10 0.4310697317123413
MSE: 0.011947, R²: -1.305130, MAE: 0.078167
Save model
Max of pred u10 0.5835264325141907
Min of pred u10 0.26376837491989136
Max of label u10 0.6102262139320374
Min of label u10 0.4310697317123413
MSE: 0.012894, R²: -1.135578, MAE: 0.081346
Save model
Max of pred u10 0.5799005627632141
Min of pred u10 0.2668263912200928
Max of label u10 0.6102262139320374
Min of label u10 0.4310697317123413
MSE: 0.012821, R²: -1.189425, MAE: 0.080945
Save model
Max of pred u10 0.5770168304443359
Min of pred u10 0.26906025409698486
Max of label u10 0.6102262139320374
Min of label u10 0.4310697317123413
MSE: 0.012902, R²: -1.186891, MAE: 0.081203
Save model
Max of pred u10 0.5774868726730347
Min of pred u10 0.26921987533569336
Max of label u10 0.6102262139320374
Min of label u10 0.4310697317123413
MSE: 0.012873, R²: -1.183770, MAE: 0.081070
Save model
Max of pred u10 0.57245272397995
Min of pred u10 0.2728475034236908
Max of label u10 0.6102262139320374
Min of label u10 0.4310697317123413
MSE: 0.013056, R²: -1.160072, MAE: 0.081903
Save model
Max of pred u10 0.5700377821922302
Min of pred u10 0.2723175883293152
Max of label u10 0.6102262139320374
Min of label u10 0.4310697317123413
MSE: 0.013057, R²: -1.172955, MAE: 0.081743
Save model
Max of pred u10 0.5732903480529785
Min of pred u10 0.2718101143836975
Max of label u10 0.6102262139320374
Min of label u10 0.4310697317123413
MSE: 0.012987, R²: -1.178433, MAE: 0.081426
Save model
Max of pred u10 0.5705702900886536
Min of pred u10 0.27362361550331116
Max of label u10 0.6102262139320374
Min of label u10 0.4310697317123413
MSE: 0.012167, R²: -1.325002, MAE: 0.078963
Save model
Max of pred u10 0.5694677829742432
Min of pred u10 0.2746359705924988
Max of label u10 0.6102262139320374
Min of label u10 0.4310697317123413
MSE: 0.012394, R²: -1.303214, MAE: 0.079715
Save model
Max of pred u10 0.5622614622116089
Min of pred u10 0.2840765416622162
Max of label u10 0.6102262139320374
Min of label u10 0.4310697317123413
MSE: 0.012402, R²: -1.315585, MAE: 0.079994
Save model
Max of pred u10 0.5698774456977844
Min of pred u10 0.2780224084854126
Max of label u10 0.6102262139320374
Min of label u10 0.4310697317123413
MSE: 0.012510, R²: -1.301533, MAE: 0.079963
Save model
Max of pred u10 0.5710118412971497
Min of pred u10 0.27520638704299927
Max of label u10 0.6102262139320374
Min of label u10 0.4310697317123413
MSE: 0.012630, R²: -1.300498, MAE: 0.080480
Save model
Max of pred u10 0.5668495297431946
Min of pred u10 0.2767336666584015
Max of label u10 0.6102262139320374
Min of label u10 0.4310697317123413
MSE: 0.012529, R²: -1.309871, MAE: 0.080114
Save model
Max of pred u10 0.5675483345985413
Min of pred u10 0.2794855237007141
Max of label u10 0.6102262139320374
Min of label u10 0.4310697317123413
MSE: 0.012468, R²: -1.357730, MAE: 0.080103
Save model
Max of pred u10 0.5649420022964478
Min of pred u10 0.2827562689781189
Max of label u10 0.6102262139320374
Min of label u10 0.4310697317123413
MSE: 0.012704, R²: -1.363492, MAE: 0.081151
Save model
Max of pred u10 0.5726428031921387
Min of pred u10 0.27585557103157043
Max of label u10 0.6102262139320374
Min of label u10 0.4310697317123413
MSE: 0.013074, R²: -1.338679, MAE: 0.081841
Save model
Max of pred u10 0.572167158126831
Min of pred u10 0.2733736038208008
Max of label u10 0.6102262139320374
Min of label u10 0.4310697317123413
MSE: 0.012606, R²: -1.417823, MAE: 0.080539
Save model
Max of pred u10 0.5807894468307495
Min of pred u10 0.28029075264930725
Max of label u10 0.6102262139320374
Min of label u10 0.4310697317123413
MSE: 0.012616, R²: -1.417845, MAE: 0.080683
Save model
Max of pred u10 0.5805616974830627
Min of pred u10 0.2777448296546936
Max of label u10 0.6102262139320374
Min of label u10 0.4310697317123413
MSE: 0.012964, R²: -1.340766, MAE: 0.081641
Save model
Max of pred u10 0.5802607536315918
Min of pred u10 0.27434101700782776
Max of label u10 0.6102262139320374
Min of label u10 0.4310697317123413
MSE: 0.013145, R²: -1.346692, MAE: 0.082484
Save model
Max of pred u10 0.5774982571601868
Min of pred u10 0.27218085527420044
Max of label u10 0.6102262139320374
Min of label u10 0.4310697317123413
MSE: 0.012867, R²: -1.404243, MAE: 0.081486
Save model
Max of pred u10 0.5825958251953125
Min of pred u10 0.2738039195537567
Max of label u10 0.6102262139320374
Min of label u10 0.4310697317123413
MSE: 0.012908, R²: -1.405850, MAE: 0.081441
Save model
Max of pred u10 0.5773841142654419
Min of pred u10 0.28004568815231323
Max of label u10 0.6102262139320374
Min of label u10 0.4310697317123413
MSE: 0.012964, R²: -1.472218, MAE: 0.081662
Save model
Max of pred u10 0.5850944519042969
Min of pred u10 0.27910786867141724
Max of label u10 0.6102262139320374
Min of label u10 0.4310697317123413
MSE: 0.013080, R²: -1.437371, MAE: 0.081947
Save model
Max of pred u10 0.5836591720581055
Min of pred u10 0.2769238352775574
Max of label u10 0.6102262139320374
Min of label u10 0.4310697317123413
MSE: 0.012664, R²: -1.506933, MAE: 0.080886
Save model
Max of pred u10 0.5883980989456177
Min of pred u10 0.2778799533843994
Max of label u10 0.6102262139320374
Min of label u10 0.4310697317123413
MSE: 0.012825, R²: -1.448087, MAE: 0.081637
Save model
Max of pred u10 0.5860941410064697
Min of pred u10 0.2779577672481537
Max of label u10 0.6102262139320374
Min of label u10 0.4310697317123413
MSE: 0.012791, R²: -1.525636, MAE: 0.081324
Save model
Max of pred u10 0.5830399990081787
Min of pred u10 0.27893126010894775
Max of label u10 0.6102262139320374
Min of label u10 0.4310697317123413
MSE: 0.012729, R²: -1.564165, MAE: 0.080843
Save model
Max of pred u10 0.58863365650177
Min of pred u10 0.2749095559120178
Max of label u10 0.6102262139320374
Min of label u10 0.4310697317123413
MSE: 0.012747, R²: -1.520943, MAE: 0.081098
Save model
Max of pred u10 0.5934418439865112
Min of pred u10 0.27791517972946167
Max of label u10 0.6102262139320374
Min of label u10 0.4310697317123413
MSE: 0.012753, R²: -1.547440, MAE: 0.081248
Save model
Max of pred u10 0.5879023671150208
Min of pred u10 0.2774639129638672
Max of label u10 0.6102262139320374
Min of label u10 0.4310697317123413
MSE: 0.012776, R²: -1.616568, MAE: 0.081088
Save model
Max of pred u10 0.589910089969635
Min of pred u10 0.2746570110321045
Max of label u10 0.6102262139320374
Min of label u10 0.4310697317123413
MSE: 0.012942, R²: -1.561077, MAE: 0.081644
Save model
Max of pred u10 0.5863622426986694
Min of pred u10 0.2769794762134552
Max of label u10 0.6102262139320374
Min of label u10 0.4310697317123413
MSE: 0.012617, R²: -1.684421, MAE: 0.080714
Save model
Max of pred u10 0.5891073942184448
Min of pred u10 0.27328425645828247
Max of label u10 0.6102262139320374
Min of label u10 0.4310697317123413
MSE: 0.013013, R²: -1.602812, MAE: 0.081825
Save model
Max of pred u10 0.5904297828674316
Min of pred u10 0.2758973240852356
Max of label u10 0.6102262139320374
Min of label u10 0.4310697317123413
MSE: 0.012853, R²: -1.642619, MAE: 0.081515
Save model
Max of pred u10 0.5911012291908264
Min of pred u10 0.28673020005226135
Max of label u10 0.6102262139320374
Min of label u10 0.4310697317123413
MSE: 0.013054, R²: -1.660440, MAE: 0.081957
Save model
Max of pred u10 0.58827805519104
Min of pred u10 0.28572747111320496
Max of label u10 0.6102262139320374
Min of label u10 0.4310697317123413
MSE: 0.012830, R²: -1.718234, MAE: 0.081366
Save model
Max of pred u10 0.5889049768447876
Min of pred u10 0.2755983769893646
Max of label u10 0.6102262139320374
Min of label u10 0.4310697317123413
MSE: 0.012833, R²: -1.702297, MAE: 0.081547
Save model
Max of pred u10 0.5867583751678467
Min of pred u10 0.278537780046463
Max of label u10 0.6102262139320374
Min of label u10 0.4310697317123413
MSE: 0.012616, R²: -1.776471, MAE: 0.080922
Save model
Max of pred u10 0.5876795053482056
Min of pred u10 0.2827736735343933
Max of label u10 0.6102262139320374
Min of label u10 0.4310697317123413
MSE: 0.012586, R²: -1.793627, MAE: 0.080798
Save model
Max of pred u10 0.5877070426940918
Min of pred u10 0.2794504761695862
Max of label u10 0.6102262139320374
Min of label u10 0.4310697317123413
MSE: 0.012840, R²: -1.775130, MAE: 0.081473
Save model
Max of pred u10 0.5874351859092712
Min of pred u10 0.2829275131225586
Max of label u10 0.6102262139320374
Min of label u10 0.4310697317123413
MSE: 0.012826, R²: -1.766643, MAE: 0.081485
Save model
Max of pred u10 0.5903965830802917
Min of pred u10 0.28344178199768066
Max of label u10 0.6102262139320374
Min of label u10 0.4310697317123413
MSE: 0.012559, R²: -1.832846, MAE: 0.080885
Save model
Max of pred u10 0.5899056196212769
Min of pred u10 0.2810068428516388
Max of label u10 0.6102262139320374
Min of label u10 0.4310697317123413
MSE: 0.012840, R²: -1.855299, MAE: 0.081388
Save model
Max of pred u10 0.5893771648406982
Min of pred u10 0.29194968938827515
Max of label u10 0.6102262139320374
Min of label u10 0.4310697317123413
MSE: 0.012755, R²: -1.874351, MAE: 0.081227
Save model
Max of pred u10 0.5902256965637207
Min of pred u10 0.28326693177223206
Max of label u10 0.6102262139320374
Min of label u10 0.4310697317123413
MSE: 0.012932, R²: -1.808050, MAE: 0.081823
Save model
Max of pred u10 0.58873450756073
Min of pred u10 0.2888317108154297
Max of label u10 0.6102262139320374
Min of label u10 0.4310697317123413
MSE: 0.012825, R²: -1.893011, MAE: 0.081484
Save model
Max of pred u10 0.5873490571975708
Min of pred u10 0.29176753759384155
Max of label u10 0.6102262139320374
Min of label u10 0.4310697317123413
MSE: 0.012894, R²: -1.900576, MAE: 0.081442
Save model
Max of pred u10 0.5918705463409424
Min of pred u10 0.28512537479400635
Max of label u10 0.6102262139320374
Min of label u10 0.4310697317123413
MSE: 0.012771, R²: -1.918140, MAE: 0.081317
Save model
Max of pred u10 0.5912352204322815
Min of pred u10 0.2881200611591339
Max of label u10 0.6102262139320374
Min of label u10 0.4310697317123413
MSE: 0.013049, R²: -1.915201, MAE: 0.081936
Save model
Max of pred u10 0.5875433087348938
Min of pred u10 0.2952080965042114
Max of label u10 0.6102262139320374
Min of label u10 0.4310697317123413
MSE: 0.012489, R²: -2.020511, MAE: 0.080883
Save model
Max of pred u10 0.5927574634552002
Min of pred u10 0.29176491498947144
Max of label u10 0.6102262139320374
Min of label u10 0.4310697317123413
MSE: 0.012944, R²: -1.956521, MAE: 0.081789
Save model
Max of pred u10 0.5868898630142212
Min of pred u10 0.29284989833831787
Max of label u10 0.6102262139320374
Min of label u10 0.4310697317123413
MSE: 0.012518, R²: -2.048751, MAE: 0.081004
Save model
Max of pred u10 0.5940271019935608
Min of pred u10 0.28779780864715576
Max of label u10 0.6102262139320374
Min of label u10 0.4310697317123413
MSE: 0.013015, R²: -1.918331, MAE: 0.082038
Save model
Max of pred u10 0.5944010019302368
Min of pred u10 0.2865579128265381
Max of label u10 0.6102262139320374
Min of label u10 0.4310697317123413
MSE: 0.013010, R²: -1.917682, MAE: 0.082037
Save model
Max of pred u10 0.5945650339126587
Min of pred u10 0.2861415147781372
Max of label u10 0.6102262139320374
Min of label u10 0.4310697317123413
MSE: 0.013009, R²: -1.917952, MAE: 0.082045
Save model
Max of pred u10 0.5947529077529907
Min of pred u10 0.28597795963287354
Max of label u10 0.6102262139320374
Min of label u10 0.4310697317123413
MSE: 0.013009, R²: -1.918021, MAE: 0.082050
Save model
Max of pred u10 0.5947641730308533
Min of pred u10 0.2856561541557312
Max of label u10 0.6102262139320374
Min of label u10 0.4310697317123413
MSE: 0.013011, R²: -1.917974, MAE: 0.082061
Save model
Max of pred u10 0.5949560403823853
Min of pred u10 0.2853657603263855
Max of label u10 0.6102262139320374
Min of label u10 0.4310697317123413
MSE: 0.013019, R²: -1.916934, MAE: 0.082088
Save model
Max of pred u10 0.5950269103050232
Min of pred u10 0.2851313352584839
Max of label u10 0.6102262139320374
Min of label u10 0.4310697317123413
MSE: 0.013029, R²: -1.915779, MAE: 0.082121
Save model
Max of pred u10 0.595126748085022
Min of pred u10 0.2850250005722046
Max of label u10 0.6102262139320374
Min of label u10 0.4310697317123413
MSE: 0.013033, R²: -1.915738, MAE: 0.082137
Save model
Max of pred u10 0.5953747034072876
Min of pred u10 0.2849586009979248
Max of label u10 0.6102262139320374
Min of label u10 0.4310697317123413
MSE: 0.013042, R²: -1.915444, MAE: 0.082166
Save model
Max of pred u10 0.5954393148422241
Min of pred u10 0.284970223903656
Max of label u10 0.6102262139320374
Min of label u10 0.4310697317123413
MSE: 0.013045, R²: -1.915485, MAE: 0.082174
Save model
Max of pred u10 0.5954009890556335
Min of pred u10 0.2847970128059387
Max of label u10 0.6102262139320374
Min of label u10 0.4310697317123413
MSE: 0.013046, R²: -1.917454, MAE: 0.082175
Save model
Max of pred u10 0.5953874588012695
Min of pred u10 0.2848166525363922
Max of label u10 0.6102262139320374
Min of label u10 0.4310697317123413
MSE: 0.013046, R²: -1.918394, MAE: 0.082177
Save model
Max of pred u10 0.5952133536338806
Min of pred u10 0.28509098291397095
Max of label u10 0.6102262139320374
Min of label u10 0.4310697317123413
MSE: 0.013048, R²: -1.919060, MAE: 0.082179
Save model
Max of pred u10 0.5951600074768066
Min of pred u10 0.28524670004844666
Max of label u10 0.6102262139320374
Min of label u10 0.4310697317123413
MSE: 0.013042, R²: -1.920678, MAE: 0.082163
Save model
Max of pred u10 0.5950729250907898
Min of pred u10 0.2852564752101898
Max of label u10 0.6102262139320374
Min of label u10 0.4310697317123413
MSE: 0.013039, R²: -1.922279, MAE: 0.082155
Save model
Max of pred u10 0.5952430367469788
Min of pred u10 0.28523197770118713
Max of label u10 0.6102262139320374
Min of label u10 0.4310697317123413
MSE: 0.013037, R²: -1.922712, MAE: 0.082147
Save model
Max of pred u10 0.595237672328949
Min of pred u10 0.28517067432403564
Max of label u10 0.6102262139320374
Min of label u10 0.4310697317123413
MSE: 0.013032, R²: -1.924371, MAE: 0.082134
Save model
Max of pred u10 0.5952521562576294
Min of pred u10 0.28512895107269287
Max of label u10 0.6102262139320374
Min of label u10 0.4310697317123413
MSE: 0.013029, R²: -1.925537, MAE: 0.082124
Save model
Max of pred u10 0.5952253937721252
Min of pred u10 0.28501737117767334
Max of label u10 0.6102262139320374
Min of label u10 0.4310697317123413
MSE: 0.013026, R²: -1.927268, MAE: 0.082116
Save model
Max of pred u10 0.5951486825942993
Min of pred u10 0.28504329919815063
Max of label u10 0.6102262139320374
Min of label u10 0.4310697317123413
MSE: 0.013024, R²: -1.928858, MAE: 0.082109
Final evaluation done. MSE: 0.013024, R²: -1.928858, MAE: 0.082109
Save model
Training time: 2199.314995765686 seconds
Max of pred u10 0.5951486825942993
Min of pred u10 0.28504329919815063
Max of label u10 0.6102262139320374
Min of label u10 0.4310697317123413
MSE: 0.013024, R²: -1.928858, MAE: 0.082109
Save model
Inference time: 12.709680557250977 seconds.
---------------------------------
