-------- PYTHON OUTPUT ----------
Device: cuda:0
Train data range
{'u10': {'min': np.float32(-15.279355), 'max': np.float32(24.534174)}, 'v10': {'min': np.float32(-16.699005), 'max': np.float32(21.35775)}, 'd2m': {'min': np.float32(245.78934), 'max': np.float32(296.0891)}, 't2m': {'min': np.float32(248.4476), 'max': np.float32(306.05835)}, 'msl': {'min': np.float32(96446.56), 'max': np.float32(104656.41)}, 'tp': {'min': np.float32(0.0), 'max': np.float32(0.01362586)}}
Total number of parameters: 1664130
Training arguments: TrainingArguments(output_dir='/mnt/qb/work/ludwig/lqb122/temporal_sr/EDSR/output', overwrite_output_dir=False, learning_rate=0.0001, gamma=0.5, num_train_epochs=100, save_steps=500, save_total_limit=None, no_cuda=False, seed=123, fp16=False, per_device_train_batch_size=16, local_rank=-1, dataloader_num_workers=0, dataloader_pin_memory=True)
MSE: 0.003087, R²: 0.397501, MAE: 0.041167
Save model
MSE: 0.001455, R²: 0.708131, MAE: 0.027980
Save model
MSE: 0.000953, R²: 0.862424, MAE: 0.023091
Save model
MSE: 0.000828, R²: 0.877191, MAE: 0.021557
Save model
MSE: 0.000634, R²: 0.885966, MAE: 0.018527
Save model
MSE: 0.000575, R²: 0.908877, MAE: 0.017810
Save model
MSE: 0.000572, R²: 0.910110, MAE: 0.017672
Save model
MSE: 0.000663, R²: 0.880420, MAE: 0.019486
Save model
MSE: 0.000471, R²: 0.926720, MAE: 0.016008
Save model
MSE: 0.000421, R²: 0.928410, MAE: 0.015206
Save model
MSE: 0.000412, R²: 0.938910, MAE: 0.014972
Save model
MSE: 0.000602, R²: 0.927456, MAE: 0.018993
Save model
MSE: 0.000384, R²: 0.937232, MAE: 0.014488
Save model
MSE: 0.000415, R²: 0.945348, MAE: 0.015406
Save model
MSE: 0.000443, R²: 0.914605, MAE: 0.016147
Save model
MSE: 0.000345, R²: 0.943429, MAE: 0.013746
Save model
MSE: 0.000518, R²: 0.896077, MAE: 0.017559
Save model
MSE: 0.000391, R²: 0.945079, MAE: 0.014799
Save model
MSE: 0.000352, R²: 0.939357, MAE: 0.013925
Save model
MSE: 0.000306, R²: 0.949670, MAE: 0.012844
Save model
MSE: 0.000378, R²: 0.941442, MAE: 0.014561
Save model
MSE: 0.000302, R²: 0.951407, MAE: 0.012797
Save model
MSE: 0.000306, R²: 0.954805, MAE: 0.012931
Save model
MSE: 0.000359, R²: 0.936951, MAE: 0.014407
Save model
MSE: 0.000268, R²: 0.958785, MAE: 0.011906
Save model
MSE: 0.000328, R²: 0.939911, MAE: 0.013783
Save model
MSE: 0.000327, R²: 0.950684, MAE: 0.013299
Save model
MSE: 0.000311, R²: 0.954139, MAE: 0.012897
Save model
MSE: 0.000249, R²: 0.963280, MAE: 0.011517
Save model
MSE: 0.000290, R²: 0.959579, MAE: 0.012623
Save model
MSE: 0.000294, R²: 0.949208, MAE: 0.012796
Save model
MSE: 0.000285, R²: 0.959404, MAE: 0.012524
Save model
MSE: 0.000299, R²: 0.951147, MAE: 0.012959
Save model
MSE: 0.000241, R²: 0.963131, MAE: 0.011312
Save model
MSE: 0.000253, R²: 0.963652, MAE: 0.011769
Save model
MSE: 0.000254, R²: 0.960892, MAE: 0.011666
Save model
MSE: 0.000258, R²: 0.959445, MAE: 0.011768
Save model
MSE: 0.000256, R²: 0.960844, MAE: 0.011634
Save model
MSE: 0.000249, R²: 0.964494, MAE: 0.011689
Save model
MSE: 0.000246, R²: 0.961681, MAE: 0.011507
Save model
MSE: 0.000259, R²: 0.963131, MAE: 0.011852
Save model
MSE: 0.000240, R²: 0.963840, MAE: 0.011223
Save model
MSE: 0.000236, R²: 0.964189, MAE: 0.011111
Save model
MSE: 0.000221, R²: 0.966342, MAE: 0.010825
Save model
MSE: 0.000232, R²: 0.966287, MAE: 0.011136
Save model
MSE: 0.000221, R²: 0.966165, MAE: 0.010815
Save model
MSE: 0.000233, R²: 0.962845, MAE: 0.011161
Save model
MSE: 0.000220, R²: 0.966644, MAE: 0.010788
Save model
MSE: 0.000218, R²: 0.967050, MAE: 0.010664
Save model
MSE: 0.000234, R²: 0.965108, MAE: 0.011138
Save model
MSE: 0.000225, R²: 0.964528, MAE: 0.010860
Save model
MSE: 0.000215, R²: 0.967409, MAE: 0.010622
Save model
MSE: 0.000211, R²: 0.968743, MAE: 0.010478
Save model
MSE: 0.000214, R²: 0.967789, MAE: 0.010527
Save model
MSE: 0.000220, R²: 0.968430, MAE: 0.010746
Save model
MSE: 0.000217, R²: 0.967251, MAE: 0.010636
Save model
MSE: 0.000202, R²: 0.970084, MAE: 0.010224
Save model
MSE: 0.000209, R²: 0.967635, MAE: 0.010447
Save model
MSE: 0.000204, R²: 0.969598, MAE: 0.010274
Save model
MSE: 0.000204, R²: 0.968731, MAE: 0.010308
Save model
MSE: 0.000211, R²: 0.967236, MAE: 0.010500
Save model
MSE: 0.000204, R²: 0.968440, MAE: 0.010312
Save model
MSE: 0.000202, R²: 0.969538, MAE: 0.010233
Save model
MSE: 0.000200, R²: 0.969830, MAE: 0.010174
Save model
MSE: 0.000198, R²: 0.970128, MAE: 0.010111
Save model
MSE: 0.000205, R²: 0.969495, MAE: 0.010371
Save model
MSE: 0.000203, R²: 0.969195, MAE: 0.010246
Save model
MSE: 0.000196, R²: 0.969931, MAE: 0.010080
Save model
MSE: 0.000210, R²: 0.968397, MAE: 0.010497
Save model
MSE: 0.000209, R²: 0.968314, MAE: 0.010428
Save model
MSE: 0.000201, R²: 0.969368, MAE: 0.010251
Save model
MSE: 0.000203, R²: 0.971191, MAE: 0.010276
Save model
MSE: 0.000201, R²: 0.970450, MAE: 0.010208
Save model
MSE: 0.000203, R²: 0.969625, MAE: 0.010237
Save model
MSE: 0.000207, R²: 0.968708, MAE: 0.010354
Save model
MSE: 0.000207, R²: 0.968971, MAE: 0.010332
Save model
MSE: 0.000199, R²: 0.969433, MAE: 0.010153
Save model
MSE: 0.000200, R²: 0.969000, MAE: 0.010140
Save model
MSE: 0.000202, R²: 0.969329, MAE: 0.010197
Save model
MSE: 0.000202, R²: 0.968729, MAE: 0.010229
Save model
MSE: 0.000181, R²: 0.973268, MAE: 0.009514
Save model
MSE: 0.000181, R²: 0.973343, MAE: 0.009501
Save model
MSE: 0.000181, R²: 0.973357, MAE: 0.009501
Save model
MSE: 0.000181, R²: 0.973351, MAE: 0.009504
Save model
MSE: 0.000181, R²: 0.973324, MAE: 0.009508
Save model
MSE: 0.000181, R²: 0.973300, MAE: 0.009515
Save model
MSE: 0.000181, R²: 0.973278, MAE: 0.009518
Save model
MSE: 0.000181, R²: 0.973241, MAE: 0.009525
Save model
MSE: 0.000182, R²: 0.973212, MAE: 0.009531
Save model
MSE: 0.000182, R²: 0.973179, MAE: 0.009539
Save model
MSE: 0.000182, R²: 0.973142, MAE: 0.009546
Save model
MSE: 0.000182, R²: 0.973112, MAE: 0.009552
Save model
MSE: 0.000182, R²: 0.973089, MAE: 0.009557
Save model
MSE: 0.000183, R²: 0.973061, MAE: 0.009563
Save model
MSE: 0.000183, R²: 0.973019, MAE: 0.009569
Save model
MSE: 0.000183, R²: 0.972999, MAE: 0.009575
Save model
MSE: 0.000183, R²: 0.972977, MAE: 0.009580
Save model
MSE: 0.000183, R²: 0.972946, MAE: 0.009586
Save model
MSE: 0.000184, R²: 0.972918, MAE: 0.009592
Save model
MSE: 0.000184, R²: 0.972891, MAE: 0.009597
Final evaluation done. MSE: 0.000184, R²: 0.972891, MAE: 0.009597
Save model
Training time: 2147.499040365219 seconds
MSE: 0.000184, R²: 0.972891, MAE: 0.009597
Save model
Inference time: 9.821442365646362 seconds.
---------------------------------
