  0%|          | 0/4384 [00:00<?, ?it/s]Epoch 0/99:   0%|          | 0/4384 [00:00<?, ?it/s]Epoch 0/99:   0%|          | 0/4384 [00:00<?, ?it/s]
Traceback (most recent call last):
  File "<frozen runpy>", line 198, in _run_module_as_main
  File "<frozen runpy>", line 88, in _run_code
  File "/mnt/qb/work/ludwig/lqb122/temporal_sr/EDSR/main.py", line 45, in <module>
    trainer.train()
  File "/mnt/qb/work/ludwig/lqb122/temporal_sr/EDSR/train.py", line 119, in train
    for lr_patches, hr_patches in train_dataloader:
  File "/home/ludwig/lqb122/.conda/envs/thesis/lib/python3.12/site-packages/torch/utils/data/dataloader.py", line 701, in __next__
    data = self._next_data()
           ^^^^^^^^^^^^^^^^^
  File "/home/ludwig/lqb122/.conda/envs/thesis/lib/python3.12/site-packages/torch/utils/data/dataloader.py", line 757, in _next_data
    data = self._dataset_fetcher.fetch(index)  # may raise StopIteration
           ^^^^^^^^^^^^^^^^^^^^^^^^^^^^^^^^^^
  File "/home/ludwig/lqb122/.conda/envs/thesis/lib/python3.12/site-packages/torch/utils/data/_utils/fetch.py", line 52, in fetch
    data = [self.dataset[idx] for idx in possibly_batched_index]
            ~~~~~~~~~~~~^^^^^
  File "/mnt/qb/work/ludwig/lqb122/temporal_sr/process_data.py", line 123, in __getitem__
    hr_patches = self.transforms(hr_patches)
                 ^^^^^^^^^^^^^^^^^^^^^^^^^^^
  File "/home/ludwig/lqb122/.conda/envs/thesis/lib/python3.12/site-packages/torchvision/transforms/transforms.py", line 95, in __call__
    img = t(img)
          ^^^^^^
  File "/home/ludwig/lqb122/.conda/envs/thesis/lib/python3.12/site-packages/torch/nn/modules/module.py", line 1736, in _wrapped_call_impl
    return self._call_impl(*args, **kwargs)
           ^^^^^^^^^^^^^^^^^^^^^^^^^^^^^^^^
  File "/home/ludwig/lqb122/.conda/envs/thesis/lib/python3.12/site-packages/torch/nn/modules/module.py", line 1747, in _call_impl
    return forward_call(*args, **kwargs)
           ^^^^^^^^^^^^^^^^^^^^^^^^^^^^^
  File "/home/ludwig/lqb122/.conda/envs/thesis/lib/python3.12/site-packages/torchvision/transforms/transforms.py", line 277, in forward
    return F.normalize(tensor, self.mean, self.std, self.inplace)
           ^^^^^^^^^^^^^^^^^^^^^^^^^^^^^^^^^^^^^^^^^^^^^^^^^^^^^^
  File "/home/ludwig/lqb122/.conda/envs/thesis/lib/python3.12/site-packages/torchvision/transforms/functional.py", line 350, in normalize
    return F_t.normalize(tensor, mean=mean, std=std, inplace=inplace)
           ^^^^^^^^^^^^^^^^^^^^^^^^^^^^^^^^^^^^^^^^^^^^^^^^^^^^^^^^^^
  File "/home/ludwig/lqb122/.conda/envs/thesis/lib/python3.12/site-packages/torchvision/transforms/_functional_tensor.py", line 928, in normalize
    return tensor.sub_(mean).div_(std)
           ^^^^^^^^^^^^^^^^^
RuntimeError: The size of tensor a (6) must match the size of tensor b (2) at non-singleton dimension 0
